This is pdfTeX, Version 3.141592653-2.6-1.40.28 (TeX Live 2025) (preloaded format=pdflatex 2025.6.9)  26 JUN 2025 16:51
entering extended mode
 restricted \write18 enabled.
 %&-line parsing enabled.
**0003
(./0003.tex
LaTeX2e <2025-06-01>
L3 programming layer <2025-05-26>
(/usr/local/texlive/2025/texmf-dist/tex/latex/llncs/llncs.cls
Document Class: llncs 2025/02/25 v2.26 
 LaTeX document class for Lecture Notes in Computer Science
(/usr/local/texlive/2025/texmf-dist/tex/latex/base/article.cls
Document Class: article 2025/01/22 v1.4n Standard LaTeX document class
(/usr/local/texlive/2025/texmf-dist/tex/latex/base/size10.clo
File: size10.clo 2025/01/22 v1.4n Standard LaTeX file (size option)
)
\c@part=\count275
\c@section=\count276
\c@subsection=\count277
\c@subsubsection=\count278
\c@paragraph=\count279
\c@subparagraph=\count280
\c@figure=\count281
\c@table=\count282
\abovecaptionskip=\skip49
\belowcaptionskip=\skip50
\bibindent=\dimen148
)
(/usr/local/texlive/2025/texmf-dist/tex/latex/tools/multicol.sty
Package: multicol 2025/05/25 v2.0a multicolumn formatting (FMi)
\c@tracingmulticols=\count283
\mult@box=\box53
\multicol@leftmargin=\dimen149
\c@unbalance=\count284
\c@collectmore=\count285
\doublecol@number=\count286
\multicoltolerance=\count287
\multicolpretolerance=\count288
\full@width=\dimen150
\page@free=\dimen151
\premulticols=\dimen152
\postmulticols=\dimen153
\multicolsep=\skip51
\multicolbaselineskip=\skip52
\partial@page=\box54
\last@line=\box55
\mc@boxedresult=\box56
\maxbalancingoverflow=\dimen154
\mult@rightbox=\box57
\mult@grightbox=\box58
\mult@firstbox=\box59
\mult@gfirstbox=\box60
\@tempa=\box61
\@tempa=\box62
\@tempa=\box63
\@tempa=\box64
\@tempa=\box65
\@tempa=\box66
\@tempa=\box67
\@tempa=\box68
\@tempa=\box69
\@tempa=\box70
\@tempa=\box71
\@tempa=\box72
\@tempa=\box73
\@tempa=\box74
\@tempa=\box75
\@tempa=\box76
\@tempa=\box77
\@tempa=\box78
\@tempa=\box79
\@tempa=\box80
\@tempa=\box81
\@tempa=\box82
\@tempa=\box83
\@tempa=\box84
\@tempa=\box85
\@tempa=\box86
\@tempa=\box87
\@tempa=\box88
\@tempa=\box89
\@tempa=\box90
\@tempa=\box91
\@tempa=\box92
\@tempa=\box93
\@tempa=\box94
\@tempa=\box95
\@tempa=\box96
\c@minrows=\count289
\c@columnbadness=\count290
\c@finalcolumnbadness=\count291
\last@try=\dimen155
\multicolovershoot=\dimen156
\multicolundershoot=\dimen157
\mult@nat@firstbox=\box97
\colbreak@box=\box98
\mc@col@check@num=\count292
\g__mc_curr_col_int=\count293
)
(/usr/local/texlive/2025/texmf-dist/tex/latex/oberdiek/aliascnt.sty
Package: aliascnt 2018/09/07 v1.5 Alias counters (HO)
)
\c@chapter=\count294
LaTeX Font Info:    Redeclaring math symbol \Gamma on input line 379.
LaTeX Font Info:    Redeclaring math symbol \Delta on input line 380.
LaTeX Font Info:    Redeclaring math symbol \Theta on input line 381.
LaTeX Font Info:    Redeclaring math symbol \Lambda on input line 382.
LaTeX Font Info:    Redeclaring math symbol \Xi on input line 383.
LaTeX Font Info:    Redeclaring math symbol \Pi on input line 384.
LaTeX Font Info:    Redeclaring math symbol \Sigma on input line 385.
LaTeX Font Info:    Redeclaring math symbol \Upsilon on input line 386.
LaTeX Font Info:    Redeclaring math symbol \Phi on input line 387.
LaTeX Font Info:    Redeclaring math symbol \Psi on input line 388.
LaTeX Font Info:    Redeclaring math symbol \Omega on input line 389.
LaTeX Info: Redefining \vec on input line 394.
\tocchpnum=\dimen158
\tocsecnum=\dimen159
\tocsectotal=\dimen160
\tocsubsecnum=\dimen161
\tocsubsectotal=\dimen162
\tocsubsubsecnum=\dimen163
\tocsubsubsectotal=\dimen164
\tocparanum=\dimen165
\tocparatotal=\dimen166
\tocsubparanum=\dimen167
\@tempcntc=\count295
\fnindent=\dimen168
\c@@inst=\count296
\c@@auth=\count297
\c@auco=\count298
\instindent=\dimen169
\authrun=\box99
\authorrunning=\toks17
\tocauthor=\toks18
\titrun=\box100
\titlerunning=\toks19
\toctitle=\toks20
\c@theorem=\count299
\c@case=\count300
\c@conjecture=\count301
\c@corollary=\count302
\c@definition=\count303
\c@example=\count304
\c@exercise=\count305
\c@lemma=\count306
\c@note=\count307
\c@problem=\count308
\c@property=\count309
\c@proposition=\count310
\c@question=\count311
\c@solution=\count312
\c@remark=\count313
\headlineindent=\dimen170
)
(/usr/local/texlive/2025/texmf-dist/tex/latex/caption/subcaption.sty
Package: subcaption 2023/07/28 v1.6b Sub-captions (AR)

(/usr/local/texlive/2025/texmf-dist/tex/latex/caption/caption.sty
Package: caption 2023/08/05 v3.6o Customizing captions (AR)

(/usr/local/texlive/2025/texmf-dist/tex/latex/caption/caption3.sty
Package: caption3 2023/07/31 v2.4d caption3 kernel (AR)

(/usr/local/texlive/2025/texmf-dist/tex/latex/graphics/keyval.sty
Package: keyval 2022/05/29 v1.15 key=value parser (DPC)
\KV@toks@=\toks21
)
\caption@tempdima=\dimen171
\captionmargin=\dimen172
\caption@leftmargin=\dimen173
\caption@rightmargin=\dimen174
\caption@width=\dimen175
\caption@indent=\dimen176
\caption@parindent=\dimen177
\caption@hangindent=\dimen178
Package caption Info: Unknown document class (or package),
(caption)             standard defaults will be used.
Package caption Info: \@makecaption = \long macro:#1#2->\small \vskip \abovecap
tionskip \sbox \@tempboxa {{\bfseries #1.} #2}\ifdim \wd \@tempboxa >\hsize {\b
fseries #1.} #2\par \else \global \@minipagefalse \hb@xt@ \hsize {\hfil \box \@
tempboxa \hfil }\fi \vskip \belowcaptionskip  on input line 1175.
)

Package caption Warning: Unknown document class (or package),
(caption)                standard defaults will be used.
See the caption package documentation for explanation.

\c@caption@flags=\count314
\c@continuedfloat=\count315
)
Package caption Info: New subtype `subfigure' on input line 238.
\c@subfigure=\count316
Package caption Info: New subtype `subtable' on input line 238.
\c@subtable=\count317
) (/usr/local/texlive/2025/texmf-dist/tex/latex/base/fontenc.sty
Package: fontenc 2024/12/21 v2.1c Standard LaTeX package
)
(/usr/local/texlive/2025/texmf-dist/tex/latex/float/float.sty
Package: float 2001/11/08 v1.3d Float enhancements (AL)
\c@float@type=\count318
\float@exts=\toks22
\float@box=\box101
\@float@everytoks=\toks23
\@floatcapt=\box102
)
(/usr/local/texlive/2025/texmf-dist/tex/latex/graphics/graphicx.sty
Package: graphicx 2024/12/31 v1.2e Enhanced LaTeX Graphics (DPC,SPQR)

(/usr/local/texlive/2025/texmf-dist/tex/latex/graphics/graphics.sty
Package: graphics 2024/08/06 v1.4g Standard LaTeX Graphics (DPC,SPQR)

(/usr/local/texlive/2025/texmf-dist/tex/latex/graphics/trig.sty
Package: trig 2023/12/02 v1.11 sin cos tan (DPC)
)
(/usr/local/texlive/2025/texmf-dist/tex/latex/graphics-cfg/graphics.cfg
File: graphics.cfg 2016/06/04 v1.11 sample graphics configuration
)
Package graphics Info: Driver file: pdftex.def on input line 106.

(/usr/local/texlive/2025/texmf-dist/tex/latex/graphics-def/pdftex.def
File: pdftex.def 2024/04/13 v1.2c Graphics/color driver for pdftex
))
\Gin@req@height=\dimen179
\Gin@req@width=\dimen180
)
(/usr/local/texlive/2025/texmf-dist/tex/latex/cite/cite.sty
LaTeX Info: Redefining \cite on input line 302.
LaTeX Info: Redefining \nocite on input line 332.
Package: cite 2015/02/27  v 5.5
)
(/usr/local/texlive/2025/texmf-dist/tex/latex/l3backend/l3backend-pdftex.def
File: l3backend-pdftex.def 2025-04-14 L3 backend support: PDF output (pdfTeX)
\l__color_backend_stack_int=\count319
)
(./0003.aux)
\openout1 = `0003.aux'.

LaTeX Font Info:    Checking defaults for OML/cmm/m/it on input line 14.
LaTeX Font Info:    ... okay on input line 14.
LaTeX Font Info:    Checking defaults for OMS/cmsy/m/n on input line 14.
LaTeX Font Info:    ... okay on input line 14.
LaTeX Font Info:    Checking defaults for OT1/cmr/m/n on input line 14.
LaTeX Font Info:    ... okay on input line 14.
LaTeX Font Info:    Checking defaults for T1/cmr/m/n on input line 14.
LaTeX Font Info:    ... okay on input line 14.
LaTeX Font Info:    Checking defaults for TS1/cmr/m/n on input line 14.
LaTeX Font Info:    ... okay on input line 14.
LaTeX Font Info:    Checking defaults for OMX/cmex/m/n on input line 14.
LaTeX Font Info:    ... okay on input line 14.
LaTeX Font Info:    Checking defaults for U/cmr/m/n on input line 14.
LaTeX Font Info:    ... okay on input line 14.
Package caption Info: Begin \AtBeginDocument code.
Package caption Info: float package is loaded.
Package caption Info: End \AtBeginDocument code.

(/usr/local/texlive/2025/texmf-dist/tex/context/base/mkii/supp-pdf.mkii
[Loading MPS to PDF converter (version 2006.09.02).]
\scratchcounter=\count320
\scratchdimen=\dimen181
\scratchbox=\box103
\nofMPsegments=\count321
\nofMParguments=\count322
\everyMPshowfont=\toks24
\MPscratchCnt=\count323
\MPscratchDim=\dimen182
\MPnumerator=\count324
\makeMPintoPDFobject=\count325
\everyMPtoPDFconversion=\toks25
) (/usr/local/texlive/2025/texmf-dist/tex/latex/epstopdf-pkg/epstopdf-base.sty
Package: epstopdf-base 2020-01-24 v2.11 Base part for package epstopdf

(/usr/local/texlive/2025/texmf-dist/tex/generic/infwarerr/infwarerr.sty
Package: infwarerr 2019/12/03 v1.5 Providing info/warning/error messages (HO)
)
(/usr/local/texlive/2025/texmf-dist/tex/latex/grfext/grfext.sty
Package: grfext 2019/12/03 v1.3 Manage graphics extensions (HO)

(/usr/local/texlive/2025/texmf-dist/tex/generic/kvdefinekeys/kvdefinekeys.sty
Package: kvdefinekeys 2019-12-19 v1.6 Define keys (HO)
)) (/usr/local/texlive/2025/texmf-dist/tex/latex/kvoptions/kvoptions.sty
Package: kvoptions 2022-06-15 v3.15 Key value format for package options (HO)

(/usr/local/texlive/2025/texmf-dist/tex/generic/ltxcmds/ltxcmds.sty
Package: ltxcmds 2023-12-04 v1.26 LaTeX kernel commands for general use (HO)
)
(/usr/local/texlive/2025/texmf-dist/tex/latex/kvsetkeys/kvsetkeys.sty
Package: kvsetkeys 2022-10-05 v1.19 Key value parser (HO)
))
(/usr/local/texlive/2025/texmf-dist/tex/generic/pdftexcmds/pdftexcmds.sty
Package: pdftexcmds 2020-06-27 v0.33 Utility functions of pdfTeX for LuaTeX (HO
)

(/usr/local/texlive/2025/texmf-dist/tex/generic/iftex/iftex.sty
Package: iftex 2024/12/12 v1.0g TeX engine tests
)
Package pdftexcmds Info: \pdf@primitive is available.
Package pdftexcmds Info: \pdf@ifprimitive is available.
Package pdftexcmds Info: \pdfdraftmode found.
)
Package epstopdf-base Info: Redefining graphics rule for `.eps' on input line 4
85.
Package grfext Info: Graphics extension search list:
(grfext)             [.pdf,.png,.jpg,.mps,.jpeg,.jbig2,.jb2,.PDF,.PNG,.JPG,.JPE
G,.JBIG2,.JB2,.eps]
(grfext)             \AppendGraphicsExtensions on input line 504.

(/usr/local/texlive/2025/texmf-dist/tex/latex/latexconfig/epstopdf-sys.cfg
File: epstopdf-sys.cfg 2010/07/13 v1.3 Configuration of (r)epstopdf for TeX Liv
e
))
LaTeX Font Info:    External font `cmex10' loaded for size
(Font)              <7> on input line 19.
LaTeX Font Info:    External font `cmex10' loaded for size
(Font)              <5> on input line 19.


[1

{/usr/local/texlive/2025/texmf-var/fonts/map/pdftex/updmap/pdftex.map}{/usr/loc
al/texlive/2025/texmf-dist/fonts/enc/dvips/cm-super/cm-super-t1.enc}]
<Capped_class_distribution.png, id=11, 433.62pt x 289.08pt>
File: Capped_class_distribution.png Graphic file (type png)
<use Capped_class_distribution.png>
Package pdftex.def Info: Capped_class_distribution.png  used on input line 51.
(pdftex.def)             Requested size: 260.34265pt x 173.56842pt.
<dist_honey.png, id=13, 708.39656pt x 470.50781pt>
File: dist_honey.png Graphic file (type png)
<use dist_honey.png>
Package pdftex.def Info: dist_honey.png  used on input line 60.
(pdftex.def)             Requested size: 260.34265pt x 172.91492pt.
<dist_hardness.png, id=14, 712.16063pt x 469.755pt>
File: dist_hardness.png Graphic file (type png)
<use dist_hardness.png>
Package pdftex.def Info: dist_hardness.png  used on input line 69.
(pdftex.def)             Requested size: 260.34265pt x 171.72078pt.
<example-bee-frame.png, id=15, 567.62062pt x 423.08063pt>
File: example-bee-frame.png Graphic file (type png)
<use example-bee-frame.png>
Package pdftex.def Info: example-bee-frame.png  used on input line 79.
(pdftex.def)             Requested size: 260.34265pt x 194.05135pt.

Underfull \vbox (badness 10000) has occurred while \output is active []



[2 <./Capped_class_distribution.png>]

[3 <./dist_honey.png> <./dist_hardness.png>]
<example-of-cropped-bee-frame.png, id=26, 304.13625pt x 300.3722pt>
File: example-of-cropped-bee-frame.png Graphic file (type png)
<use example-of-cropped-bee-frame.png>
Package pdftex.def Info: example-of-cropped-bee-frame.png  used on input line 1
07.
(pdftex.def)             Requested size: 242.98541pt x 239.9864pt.

Underfull \vbox (badness 10000) has occurred while \output is active []



[4 <./example-bee-frame.png>]
<example_of_augmented_bee_frame.png, id=31, 701.62125pt x 703.12688pt>
File: example_of_augmented_bee_frame.png Graphic file (type png)
<use example_of_augmented_bee_frame.png>
Package pdftex.def Info: example_of_augmented_bee_frame.png  used on input line
 115.
(pdftex.def)             Requested size: 242.98541pt x 243.50171pt.
<visualization_how_photos_looks_after_augmentation.png, id=32, 781.41937pt x 66
0.21657pt>
File: visualization_how_photos_looks_after_augmentation.png Graphic file (type 
png)
<use visualization_how_photos_looks_after_augmentation.png>
Package pdftex.def Info: visualization_how_photos_looks_after_augmentation.png 
 used on input line 123.
(pdftex.def)             Requested size: 242.98541pt x 205.29968pt.

Underfull \vbox (badness 10000) has occurred while \output is active []



[5 <./example-of-cropped-bee-frame.png> <./example_of_augmented_bee_frame.png>]


[6 <./visualization_how_photos_looks_after_augmentation.png>]
<isw/all-models-balanced-accuracy-of-capped-label-by-fold.png, id=43, 1306.1296
8pt x 782.17218pt>
File: isw/all-models-balanced-accuracy-of-capped-label-by-fold.png Graphic file
 (type png)
<use isw/all-models-balanced-accuracy-of-capped-label-by-fold.png>
Package pdftex.def Info: isw/all-models-balanced-accuracy-of-capped-label-by-fo
ld.png  used on input line 145.
(pdftex.def)             Requested size: 260.34265pt x 155.89459pt.
<isw/gnb-balanced-accuracy-of-all-labels-by-fold.png, id=44, 1306.12968pt x 782
.17218pt>
File: isw/gnb-balanced-accuracy-of-all-labels-by-fold.png Graphic file (type pn
g)
<use isw/gnb-balanced-accuracy-of-all-labels-by-fold.png>
Package pdftex.def Info: isw/gnb-balanced-accuracy-of-all-labels-by-fold.png  u
sed on input line 153.
(pdftex.def)             Requested size: 260.34265pt x 155.89459pt.

Underfull \vbox (badness 10000) has occurred while \output is active []



[7 <./isw/all-models-balanced-accuracy-of-capped-label-by-fold.png>]

[8 <./isw/gnb-balanced-accuracy-of-all-labels-by-fold.png>] (./0003.bbl
Underfull \hbox (badness 3568) in paragraph at lines 11--15
[]\T1/cmr/m/n/9 Dalal, N., Triggs, B.: His-tograms of ori-ented gra-di-ents for
 hu-man de-
 []


Underfull \hbox (badness 7540) in paragraph at lines 11--15
\T1/cmr/m/n/9 tec-tion. In: IEEE Com-puter So-ci-ety Con-fer-ence on Com-puter 
Vi-sion
 []


Underfull \hbox (badness 5490) in paragraph at lines 11--15
\T1/cmr/m/n/9 and Pat-tern Recog-ni-tion (CVPR). vol. 1, pp. 886--893. IEEE (20
05).
 []


Underfull \hbox (badness 10000) in paragraph at lines 17--24
\T1/cmr/m/n/9 1119 (2019). https://doi.org/https://doi.org/10.1016/j.scitotenv.
2018.11.004,
 []


Underfull \hbox (badness 6961) in paragraph at lines 30--35
[]\T1/cmr/m/n/9 Hadjur, H., Am-mar, D., Lefèvre, L.: To-ward an in-tel-li-gent 
and ef-
 []


Underfull \hbox (badness 10000) in paragraph at lines 30--35
\T1/cmr/m/n/9 fi-cient bee-hive: A sur-vey of pre-ci-sion bee-keep-ing sys-tems
 and ser-
 []


Underfull \hbox (badness 10000) in paragraph at lines 30--35
\T1/cmr/m/n/9 vices. Com-put-ers and Elec-tron-ics in Agri-cul-ture \T1/cmr/bx/
n/9 192\T1/cmr/m/n/9 , 106604
 []


Underfull \hbox (badness 10000) in paragraph at lines 30--35
\T1/cmr/m/n/9 (2022). https://doi.org/https://doi.org/10.1016/j.compag.2021.106
604,
 []


Underfull \hbox (badness 1466) in paragraph at lines 47--52
[]\T1/cmr/m/n/9 Rodriguez-Lozano, F.J., Gen-i-natti, S.R., Flo-res, J.M., Quile
s-Latorre, F.J.,
 []


Underfull \hbox (badness 2573) in paragraph at lines 47--52
\T1/cmr/m/n/9 Ortiz-Lopez, M.: Capped honey seg-men-ta-tion in honey combs base
d on
 []


Underfull \hbox (badness 3312) in paragraph at lines 47--52
\T1/cmr/m/n/9 deep learn-ing ap-proach. Com-put-ers and Elec-tron-ics in Agri-c
ul-ture \T1/cmr/bx/n/9 227\T1/cmr/m/n/9 ,
 []


Underfull \hbox (badness 7344) in paragraph at lines 47--52
\T1/cmr/m/n/9 109573 (2024). https://doi.org/https://doi.org/10.1016/j.compag.2
024.109573,
 []


Underfull \hbox (badness 1783) in paragraph at lines 58--63
[]\T1/cmr/m/n/9 Uthoff, C., Homsi, M.N., von Bergen, M.: Acous-tic and vi-bra-t
ion mon-i-
 []


Underfull \hbox (badness 1472) in paragraph at lines 58--63
\T1/cmr/m/n/9 tor-ing of hon-ey-bee colonies for beekeeping-relevant as-pects o
f pres-ence of
 []


Underfull \hbox (badness 1460) in paragraph at lines 58--63
\T1/cmr/m/n/9 queen bee and swarm-ing. Com-put-ers and Elec-tron-ics in Agri-cu
l-ture \T1/cmr/bx/n/9 205\T1/cmr/m/n/9 ,
 []


Underfull \hbox (badness 7344) in paragraph at lines 58--63
\T1/cmr/m/n/9 107589 (2023). https://doi.org/https://doi.org/10.1016/j.compag.2
022.107589,
 []

)

[9] (./0003.aux)
 ***********
LaTeX2e <2025-06-01>
L3 programming layer <2025-05-26>
 ***********
 ) 
Here is how much of TeX's memory you used:
 4298 strings out of 467892
 74129 string characters out of 5434150
 466978 words of memory out of 5000000
 32820 multiletter control sequences out of 15000+600000
 633301 words of font info for 49 fonts, out of 8000000 for 9000
 1141 hyphenation exceptions out of 8191
 69i,6n,79p,1200b,336s stack positions out of 10000i,1000n,20000p,200000b,200000s
</usr/local/texlive/2025/texmf-dist/fonts/type1/public/amsfonts/cm/cmmi10.pfb
></usr/local/texlive/2025/texmf-dist/fonts/type1/public/cm-super/sfbx0900.pfb><
/usr/local/texlive/2025/texmf-dist/fonts/type1/public/cm-super/sfbx1000.pfb></u
sr/local/texlive/2025/texmf-dist/fonts/type1/public/cm-super/sfbx1200.pfb></usr
/local/texlive/2025/texmf-dist/fonts/type1/public/cm-super/sfbx1440.pfb></usr/l
ocal/texlive/2025/texmf-dist/fonts/type1/public/cm-super/sfrm0900.pfb></usr/loc
al/texlive/2025/texmf-dist/fonts/type1/public/cm-super/sfrm1000.pfb></usr/local
/texlive/2025/texmf-dist/fonts/type1/public/cm-super/sftt0900.pfb>
Output written on 0003.pdf (9 pages, 3787852 bytes).
PDF statistics:
 94 PDF objects out of 1000 (max. 8388607)
 48 compressed objects within 1 object stream
 0 named destinations out of 1000 (max. 500000)
 46 words of extra memory for PDF output out of 10000 (max. 10000000)

