This is pdfTeX, Version 3.141592653-2.6-1.40.28 (TeX Live 2025) (preloaded format=pdflatex 2025.6.9)  26 JUN 2025 19:11
entering extended mode
 restricted \write18 enabled.
 %&-line parsing enabled.
**0011
(./0011.tex
LaTeX2e <2025-06-01>
L3 programming layer <2025-05-26>
(/usr/local/texlive/2025/texmf-dist/tex/latex/llncs/llncs.cls
Document Class: llncs 2025/02/25 v2.26 
 LaTeX document class for Lecture Notes in Computer Science
(/usr/local/texlive/2025/texmf-dist/tex/latex/base/article.cls
Document Class: article 2025/01/22 v1.4n Standard LaTeX document class
(/usr/local/texlive/2025/texmf-dist/tex/latex/base/size10.clo
File: size10.clo 2025/01/22 v1.4n Standard LaTeX file (size option)
)
\c@part=\count275
\c@section=\count276
\c@subsection=\count277
\c@subsubsection=\count278
\c@paragraph=\count279
\c@subparagraph=\count280
\c@figure=\count281
\c@table=\count282
\abovecaptionskip=\skip49
\belowcaptionskip=\skip50
\bibindent=\dimen148
)
(/usr/local/texlive/2025/texmf-dist/tex/latex/tools/multicol.sty
Package: multicol 2025/05/25 v2.0a multicolumn formatting (FMi)
\c@tracingmulticols=\count283
\mult@box=\box53
\multicol@leftmargin=\dimen149
\c@unbalance=\count284
\c@collectmore=\count285
\doublecol@number=\count286
\multicoltolerance=\count287
\multicolpretolerance=\count288
\full@width=\dimen150
\page@free=\dimen151
\premulticols=\dimen152
\postmulticols=\dimen153
\multicolsep=\skip51
\multicolbaselineskip=\skip52
\partial@page=\box54
\last@line=\box55
\mc@boxedresult=\box56
\maxbalancingoverflow=\dimen154
\mult@rightbox=\box57
\mult@grightbox=\box58
\mult@firstbox=\box59
\mult@gfirstbox=\box60
\@tempa=\box61
\@tempa=\box62
\@tempa=\box63
\@tempa=\box64
\@tempa=\box65
\@tempa=\box66
\@tempa=\box67
\@tempa=\box68
\@tempa=\box69
\@tempa=\box70
\@tempa=\box71
\@tempa=\box72
\@tempa=\box73
\@tempa=\box74
\@tempa=\box75
\@tempa=\box76
\@tempa=\box77
\@tempa=\box78
\@tempa=\box79
\@tempa=\box80
\@tempa=\box81
\@tempa=\box82
\@tempa=\box83
\@tempa=\box84
\@tempa=\box85
\@tempa=\box86
\@tempa=\box87
\@tempa=\box88
\@tempa=\box89
\@tempa=\box90
\@tempa=\box91
\@tempa=\box92
\@tempa=\box93
\@tempa=\box94
\@tempa=\box95
\@tempa=\box96
\c@minrows=\count289
\c@columnbadness=\count290
\c@finalcolumnbadness=\count291
\last@try=\dimen155
\multicolovershoot=\dimen156
\multicolundershoot=\dimen157
\mult@nat@firstbox=\box97
\colbreak@box=\box98
\mc@col@check@num=\count292
\g__mc_curr_col_int=\count293
)
(/usr/local/texlive/2025/texmf-dist/tex/latex/oberdiek/aliascnt.sty
Package: aliascnt 2018/09/07 v1.5 Alias counters (HO)
)
\c@chapter=\count294
LaTeX Font Info:    Redeclaring math symbol \Gamma on input line 379.
LaTeX Font Info:    Redeclaring math symbol \Delta on input line 380.
LaTeX Font Info:    Redeclaring math symbol \Theta on input line 381.
LaTeX Font Info:    Redeclaring math symbol \Lambda on input line 382.
LaTeX Font Info:    Redeclaring math symbol \Xi on input line 383.
LaTeX Font Info:    Redeclaring math symbol \Pi on input line 384.
LaTeX Font Info:    Redeclaring math symbol \Sigma on input line 385.
LaTeX Font Info:    Redeclaring math symbol \Upsilon on input line 386.
LaTeX Font Info:    Redeclaring math symbol \Phi on input line 387.
LaTeX Font Info:    Redeclaring math symbol \Psi on input line 388.
LaTeX Font Info:    Redeclaring math symbol \Omega on input line 389.
LaTeX Info: Redefining \vec on input line 394.
\tocchpnum=\dimen158
\tocsecnum=\dimen159
\tocsectotal=\dimen160
\tocsubsecnum=\dimen161
\tocsubsectotal=\dimen162
\tocsubsubsecnum=\dimen163
\tocsubsubsectotal=\dimen164
\tocparanum=\dimen165
\tocparatotal=\dimen166
\tocsubparanum=\dimen167
\@tempcntc=\count295
\fnindent=\dimen168
\c@@inst=\count296
\c@@auth=\count297
\c@auco=\count298
\instindent=\dimen169
\authrun=\box99
\authorrunning=\toks17
\tocauthor=\toks18
\titrun=\box100
\titlerunning=\toks19
\toctitle=\toks20
\c@theorem=\count299
\c@case=\count300
\c@conjecture=\count301
\c@corollary=\count302
\c@definition=\count303
\c@example=\count304
\c@exercise=\count305
\c@lemma=\count306
\c@note=\count307
\c@problem=\count308
\c@property=\count309
\c@proposition=\count310
\c@question=\count311
\c@solution=\count312
\c@remark=\count313
\headlineindent=\dimen170
)
(/usr/local/texlive/2025/texmf-dist/tex/latex/booktabs/booktabs.sty
Package: booktabs 2020/01/12 v1.61803398 Publication quality tables
\heavyrulewidth=\dimen171
\lightrulewidth=\dimen172
\cmidrulewidth=\dimen173
\belowrulesep=\dimen174
\belowbottomsep=\dimen175
\aboverulesep=\dimen176
\abovetopsep=\dimen177
\cmidrulesep=\dimen178
\cmidrulekern=\dimen179
\defaultaddspace=\dimen180
\@cmidla=\count314
\@cmidlb=\count315
\@aboverulesep=\dimen181
\@belowrulesep=\dimen182
\@thisruleclass=\count316
\@lastruleclass=\count317
\@thisrulewidth=\dimen183
)
(/usr/local/texlive/2025/texmf-dist/tex/latex/float/float.sty
Package: float 2001/11/08 v1.3d Float enhancements (AL)
\c@float@type=\count318
\float@exts=\toks21
\float@box=\box101
\@float@everytoks=\toks22
\@floatcapt=\box102
)
(/usr/local/texlive/2025/texmf-dist/tex/latex/listings/listings.sty
(/usr/local/texlive/2025/texmf-dist/tex/latex/graphics/keyval.sty
Package: keyval 2022/05/29 v1.15 key=value parser (DPC)
\KV@toks@=\toks23
)
\lst@mode=\count319
\lst@gtempboxa=\box103
\lst@token=\toks24
\lst@length=\count320
\lst@currlwidth=\dimen184
\lst@column=\count321
\lst@pos=\count322
\lst@lostspace=\dimen185
\lst@width=\dimen186
\lst@newlines=\count323
\lst@lineno=\count324
\lst@maxwidth=\dimen187

(/usr/local/texlive/2025/texmf-dist/tex/latex/listings/lstpatch.sty
File: lstpatch.sty 2024/09/23 1.10c (Carsten Heinz)
)
(/usr/local/texlive/2025/texmf-dist/tex/latex/listings/lstmisc.sty
File: lstmisc.sty 2024/09/23 1.10c (Carsten Heinz)
\c@lstnumber=\count325
\lst@skipnumbers=\count326
\lst@framebox=\box104
)
(/usr/local/texlive/2025/texmf-dist/tex/latex/listings/listings.cfg
File: listings.cfg 2024/09/23 1.10c listings configuration
))
Package: listings 2024/09/23 1.10c (Carsten Heinz)

(/usr/local/texlive/2025/texmf-dist/tex/latex/base/fontenc.sty
Package: fontenc 2024/12/21 v2.1c Standard LaTeX package
)
(/usr/local/texlive/2025/texmf-dist/tex/latex/graphics/graphicx.sty
Package: graphicx 2024/12/31 v1.2e Enhanced LaTeX Graphics (DPC,SPQR)

(/usr/local/texlive/2025/texmf-dist/tex/latex/graphics/graphics.sty
Package: graphics 2024/08/06 v1.4g Standard LaTeX Graphics (DPC,SPQR)

(/usr/local/texlive/2025/texmf-dist/tex/latex/graphics/trig.sty
Package: trig 2023/12/02 v1.11 sin cos tan (DPC)
)
(/usr/local/texlive/2025/texmf-dist/tex/latex/graphics-cfg/graphics.cfg
File: graphics.cfg 2016/06/04 v1.11 sample graphics configuration
)
Package graphics Info: Driver file: pdftex.def on input line 106.

(/usr/local/texlive/2025/texmf-dist/tex/latex/graphics-def/pdftex.def
File: pdftex.def 2024/04/13 v1.2c Graphics/color driver for pdftex
))
\Gin@req@height=\dimen188
\Gin@req@width=\dimen189
)
(/usr/local/texlive/2025/texmf-dist/tex/latex/comment/comment.sty
\CommentStream=\write3

Excluding comment 'comment')
(/usr/local/texlive/2025/texmf-dist/tex/latex/l3backend/l3backend-pdftex.def
File: l3backend-pdftex.def 2025-04-14 L3 backend support: PDF output (pdfTeX)
\l__color_backend_stack_int=\count327
)
(./0011.aux)
\openout1 = `0011.aux'.

LaTeX Font Info:    Checking defaults for OML/cmm/m/it on input line 34.
LaTeX Font Info:    ... okay on input line 34.
LaTeX Font Info:    Checking defaults for OMS/cmsy/m/n on input line 34.
LaTeX Font Info:    ... okay on input line 34.
LaTeX Font Info:    Checking defaults for OT1/cmr/m/n on input line 34.
LaTeX Font Info:    ... okay on input line 34.
LaTeX Font Info:    Checking defaults for T1/cmr/m/n on input line 34.
LaTeX Font Info:    ... okay on input line 34.
LaTeX Font Info:    Checking defaults for TS1/cmr/m/n on input line 34.
LaTeX Font Info:    ... okay on input line 34.
LaTeX Font Info:    Checking defaults for OMX/cmex/m/n on input line 34.
LaTeX Font Info:    ... okay on input line 34.
LaTeX Font Info:    Checking defaults for U/cmr/m/n on input line 34.
LaTeX Font Info:    ... okay on input line 34.
\c@lstlisting=\count328

(/usr/local/texlive/2025/texmf-dist/tex/context/base/mkii/supp-pdf.mkii
[Loading MPS to PDF converter (version 2006.09.02).]
\scratchcounter=\count329
\scratchdimen=\dimen190
\scratchbox=\box105
\nofMPsegments=\count330
\nofMParguments=\count331
\everyMPshowfont=\toks25
\MPscratchCnt=\count332
\MPscratchDim=\dimen191
\MPnumerator=\count333
\makeMPintoPDFobject=\count334
\everyMPtoPDFconversion=\toks26
) (/usr/local/texlive/2025/texmf-dist/tex/latex/epstopdf-pkg/epstopdf-base.sty
Package: epstopdf-base 2020-01-24 v2.11 Base part for package epstopdf
Package epstopdf-base Info: Redefining graphics rule for `.eps' on input line 4
85.

(/usr/local/texlive/2025/texmf-dist/tex/latex/latexconfig/epstopdf-sys.cfg
File: epstopdf-sys.cfg 2010/07/13 v1.3 Configuration of (r)epstopdf for TeX Liv
e
))

! LaTeX Error: There's no line here to end.

See the LaTeX manual or LaTeX Companion for explanation.
Type  H <return>  for immediate help.
 ...                                              
                                                  
l.49 
     
? 
LaTeX Font Info:    External font `cmex10' loaded for size
(Font)              <7> on input line 51.
LaTeX Font Info:    External font `cmex10' loaded for size
(Font)              <5> on input line 51.

Underfull \hbox (badness 10000) in paragraph at lines 57--58

 []

<images/image.png, id=1, 820.9872pt x 338.7054pt>
File: images/image.png Graphic file (type png)
<use images/image.png>
Package pdftex.def Info: images/image.png  used on input line 71.
(pdftex.def)             Requested size: 347.12354pt x 143.21141pt.
! Undefined control sequence.
l.76 ...diversity Information Facility\footnotemar
                                                  , which is an internationa...

? 


[1

{/usr/local/texlive/2025/texmf-var/fonts/map/pdftex/updmap/pdftex.map}{/usr/loc
al/texlive/2025/texmf-dist/fonts/enc/dvips/cm-super/cm-super-t1.enc}{/usr/local
/texlive/2025/texmf-dist/fonts/enc/dvips/cm-super/cm-super-ts1.enc}]
LaTeX Font Info:    External font `cmex10' loaded for size
(Font)              <9> on input line 88.
LaTeX Font Info:    External font `cmex10' loaded for size
(Font)              <6> on input line 88.

! Undefined control sequence.
<argument> ...z@ \footnotesep \ignorespaces \href 
                                                  {https://mlhive.com/2023/0...
l.94 ...using-python}{Spectrogram code reference}}
                                                  
? 

Underfull \hbox (badness 10000) in paragraph at lines 94--94
 [][]\T1/cmr/m/n/9 https://mlhive.com/2023/08/create-audio-spectogram-using-pyt
honSpectrogram
 []

<images/image2.png, id=15, 831.105pt x 251.0178pt>
File: images/image2.png Graphic file (type png)
<use images/image2.png>
Package pdftex.def Info: images/image2.png  used on input line 98.
(pdftex.def)             Requested size: 347.12354pt x 104.84073pt.


[2 <./images/image.png>]
Underfull \hbox (badness 10000) in paragraph at lines 102--103

 []


Underfull \hbox (badness 10000) in paragraph at lines 104--106

 []

<images/image7.png, id=21, 613.3314pt x 368.0952pt>
File: images/image7.png Graphic file (type png)
<use images/image7.png>
Package pdftex.def Info: images/image7.png  used on input line 112.
(pdftex.def)             Requested size: 347.12354pt x 208.33363pt.

Underfull \vbox (badness 10000) has occurred while \output is active []



[3 <./images/image2.png>]
! Undefined control sequence.
<argument> ...z@ \footnotesep \ignorespaces \href 
                                                  {https://pyimagesearch.com...
l.122 ...neural-network-cnn/}{CNN code reference}}
                                                  
? 

Underfull \hbox (badness 10000) in paragraph at lines 122--122
 [][]\T1/cmr/m/n/9 https://pyimagesearch.com/2021/07/19/pytorch-training-your-f
irst-convolutional-
 []


Underfull \hbox (badness 10000) in paragraph at lines 125--126

 []

<images/image5.png, id=27, 608.5134pt x 364.7226pt>
File: images/image5.png Graphic file (type png)
<use images/image5.png>
Package pdftex.def Info: images/image5.png  used on input line 129.
(pdftex.def)             Requested size: 347.12354pt x 208.05542pt.

Underfull \vbox (badness 10000) has occurred while \output is active []



[4 <./images/image7.png>]
(/usr/local/texlive/2025/texmf-dist/tex/latex/listings/lstlang1.sty
File: lstlang1.sty 2024/09/23 1.10c listings language file
)
Overfull \hbox (6.79274pt too wide) in paragraph at lines 151--152
[][][][][][][][][][][][][] 
 []


Overfull \hbox (108.76862pt too wide) in paragraph at lines 152--153
[][][][][][][][][][][][][][][][][][][][][][][][] 
 []



[5 <./images/image5.png>]
Overfull \hbox (48.7828pt too wide) in paragraph at lines 173--174
[][][][][][][][][][][][][][][][][] 
 []


Overfull \hbox (6.79274pt too wide) in paragraph at lines 176--177
[][][][][][][][][][][][][][][][][][] 
 []


Underfull \hbox (badness 10000) in paragraph at lines 184--187

 []


Underfull \hbox (badness 10000) in paragraph at lines 189--195

 []



[6] Excluding 'comment' comment.

[7]
Underfull \hbox (badness 10000) in paragraph at lines 249--250

 []

<images/image3.png, id=50, 553.5882pt x 395.5578pt>
File: images/image3.png Graphic file (type png)
<use images/image3.png>
Package pdftex.def Info: images/image3.png  used on input line 255.
(pdftex.def)             Requested size: 347.12354pt x 248.03783pt.

Underfull \vbox (badness 1308) has occurred while \output is active []



[8 <./images/image3.png>]
<images/image4.png, id=55, 620.5584pt x 372.9132pt>
File: images/image4.png Graphic file (type png)
<use images/image4.png>
Package pdftex.def Info: images/image4.png  used on input line 274.
(pdftex.def)             Requested size: 347.12354pt x 208.60236pt.

Overfull \hbox (4.98492pt too wide) in paragraph at lines 282--285
\T1/cmr/m/n/10 Choosing the ap-pro-pri-ate ker-nel band-width is cru-cial for o
b-tain-ing a well-balanced
 []



[9 <./images/image4.png>] (./0011.bbl
! Undefined control sequence.
l.8 \newblock \href
                    {https://doi.org/10.15468/0bpalr} {\path{doi:10.15468/0b...

? 
! Undefined control sequence.
l.8 ...ef {https://doi.org/10.15468/0bpalr} {\path
                                                  {doi:10.15468/0bpalr}}.
? 
! Undefined control sequence.
l.15 \newblock \href
                     {https://doi.org/10.15468/9ll2gz} {\path{doi:10.15468/9...

? 
! Undefined control sequence.
l.15 ...f {https://doi.org/10.15468/9ll2gz} {\path
                                                  {doi:10.15468/9ll2gz}}.
? 
! Undefined control sequence.
l.22 \newblock \href
                     {https://doi.org/10.15468/ab3s5x} {\path{doi:10.15468/a...

? 
! Undefined control sequence.
l.22 ...f {https://doi.org/10.15468/ab3s5x} {\path
                                                  {doi:10.15468/ab3s5x}}.
? 

Underfull \hbox (badness 6658) in paragraph at lines 18--23
[]\T1/cmr/m/n/9 iNaturalist con-trib-u-tors.  inat-u-ral-ist research-grade ob-
ser-va-tions.  Oc-
 []


Underfull \hbox (badness 5231) in paragraph at lines 18--23
\T1/cmr/m/n/9 cur-rence dataset, 2024.  Dost¦p poprzez GBIF.org 23 listopada 20
24.
 []

! Undefined control sequence.
l.30 \newblock \href
                     {https://doi.org/10.1109/IMCSIT.2009.5352749}
? 
! Undefined control sequence.
l.31   {\path
             {doi:10.1109/IMCSIT.2009.5352749}}.
? 
! Undefined control sequence.
l.38 \newblock \href
                     {https://doi.org/10.15468/5nilie} {\path{doi:10.15468/5...

? 
! Undefined control sequence.
l.38 ...f {https://doi.org/10.15468/5nilie} {\path
                                                  {doi:10.15468/5nilie}}.
? 

Underfull \hbox (badness 5231) in paragraph at lines 34--39
\T1/cmr/m/n/9 cur-rence dataset, 2024.  Dost¦p poprzez GBIF.org 23 listopada 20
24.
 []

! Undefined control sequence.
l.52 \newblock \href
                     {https://doi.org/10.15468/hnheni} {\path{doi:10.15468/h...

? 
! Undefined control sequence.
l.52 ...f {https://doi.org/10.15468/hnheni} {\path
                                                  {doi:10.15468/hnheni}}.
? 
! Undefined control sequence.
l.58 \newblock \href
                     {https://doi.org/10.1214/088342304000000297}
? 
! Undefined control sequence.
l.59   {\path
             {doi:10.1214/088342304000000297}}.
? 

Underfull \hbox (badness 2772) in paragraph at lines 55--60
[]\T1/cmr/m/n/9 Simon Sheather.  Den-sity es-ti-ma-tion.  \T1/cmr/m/it/9 Sta-ti
s-ti-cal Sci-ence\T1/cmr/m/n/9 , 19, 11 2004.
 []

! Undefined control sequence.
l.66 \newblock \href
                     {https://doi.org/10.15468/qv0ksn} {\path{doi:10.15468/q...

? 
! Undefined control sequence.
l.66 ...f {https://doi.org/10.15468/qv0ksn} {\path
                                                  {doi:10.15468/qv0ksn}}.
? 


[10])

[11] (./0011.aux)
 ***********
LaTeX2e <2025-06-01>
L3 programming layer <2025-05-26>
 ***********
 ) 
Here is how much of TeX's memory you used:
 4119 strings out of 467892
 58920 string characters out of 5434150
 668276 words of memory out of 5000000
 32651 multiletter control sequences out of 15000+600000
 638052 words of font info for 59 fonts, out of 8000000 for 9000
 1141 hyphenation exceptions out of 8191
 57i,9n,65p,798b,1201s stack positions out of 10000i,1000n,20000p,200000b,200000s
</usr/local/texlive/2025/texmf-dist/fonts/type1/public/amsfonts/cm/cmex10.pfb
></usr/local/texlive/2025/texmf-dist/fonts/type1/public/amsfonts/cm/cmmi10.pfb>
</usr/local/texlive/2025/texmf-dist/fonts/type1/public/amsfonts/cm/cmmi9.pfb></
usr/local/texlive/2025/texmf-dist/fonts/type1/public/amsfonts/cm/cmr10.pfb></us
r/local/texlive/2025/texmf-dist/fonts/type1/public/amsfonts/cm/cmr5.pfb></usr/l
ocal/texlive/2025/texmf-dist/fonts/type1/public/amsfonts/cm/cmsy10.pfb></usr/lo
cal/texlive/2025/texmf-dist/fonts/type1/public/amsfonts/cm/cmsy7.pfb></usr/loca
l/texlive/2025/texmf-dist/fonts/type1/public/cm-super/sfbx0900.pfb></usr/local/
texlive/2025/texmf-dist/fonts/type1/public/cm-super/sfbx1000.pfb></usr/local/te
xlive/2025/texmf-dist/fonts/type1/public/cm-super/sfbx1200.pfb></usr/local/texl
ive/2025/texmf-dist/fonts/type1/public/cm-super/sfbx1440.pfb></usr/local/texliv
e/2025/texmf-dist/fonts/type1/public/cm-super/sfrm0600.pfb></usr/local/texlive/
2025/texmf-dist/fonts/type1/public/cm-super/sfrm0700.pfb></usr/local/texlive/20
25/texmf-dist/fonts/type1/public/cm-super/sfrm0900.pfb></usr/local/texlive/2025
/texmf-dist/fonts/type1/public/cm-super/sfrm1000.pfb></usr/local/texlive/2025/t
exmf-dist/fonts/type1/public/cm-super/sfti0900.pfb></usr/local/texlive/2025/tex
mf-dist/fonts/type1/public/cm-super/sfti1000.pfb>
Output written on 0011.pdf (11 pages, 884919 bytes).
PDF statistics:
 143 PDF objects out of 1000 (max. 8388607)
 82 compressed objects within 1 object stream
 0 named destinations out of 1000 (max. 500000)
 31 words of extra memory for PDF output out of 10000 (max. 10000000)

