This is pdfTeX, Version 3.141592653-2.6-1.40.28 (TeX Live 2025) (preloaded format=pdflatex 2025.6.9)  26 JUN 2025 19:12
entering extended mode
 restricted \write18 enabled.
 %&-line parsing enabled.
**0018
(./0018.tex
LaTeX2e <2025-06-01>
L3 programming layer <2025-05-26>
(/usr/local/texlive/2025/texmf-dist/tex/latex/llncs/llncs.cls
Document Class: llncs 2025/02/25 v2.26 
 LaTeX document class for Lecture Notes in Computer Science
(/usr/local/texlive/2025/texmf-dist/tex/latex/base/article.cls
Document Class: article 2025/01/22 v1.4n Standard LaTeX document class
(/usr/local/texlive/2025/texmf-dist/tex/latex/base/size10.clo
File: size10.clo 2025/01/22 v1.4n Standard LaTeX file (size option)
)
\c@part=\count275
\c@section=\count276
\c@subsection=\count277
\c@subsubsection=\count278
\c@paragraph=\count279
\c@subparagraph=\count280
\c@figure=\count281
\c@table=\count282
\abovecaptionskip=\skip49
\belowcaptionskip=\skip50
\bibindent=\dimen148
)
(/usr/local/texlive/2025/texmf-dist/tex/latex/tools/multicol.sty
Package: multicol 2025/05/25 v2.0a multicolumn formatting (FMi)
\c@tracingmulticols=\count283
\mult@box=\box53
\multicol@leftmargin=\dimen149
\c@unbalance=\count284
\c@collectmore=\count285
\doublecol@number=\count286
\multicoltolerance=\count287
\multicolpretolerance=\count288
\full@width=\dimen150
\page@free=\dimen151
\premulticols=\dimen152
\postmulticols=\dimen153
\multicolsep=\skip51
\multicolbaselineskip=\skip52
\partial@page=\box54
\last@line=\box55
\mc@boxedresult=\box56
\maxbalancingoverflow=\dimen154
\mult@rightbox=\box57
\mult@grightbox=\box58
\mult@firstbox=\box59
\mult@gfirstbox=\box60
\@tempa=\box61
\@tempa=\box62
\@tempa=\box63
\@tempa=\box64
\@tempa=\box65
\@tempa=\box66
\@tempa=\box67
\@tempa=\box68
\@tempa=\box69
\@tempa=\box70
\@tempa=\box71
\@tempa=\box72
\@tempa=\box73
\@tempa=\box74
\@tempa=\box75
\@tempa=\box76
\@tempa=\box77
\@tempa=\box78
\@tempa=\box79
\@tempa=\box80
\@tempa=\box81
\@tempa=\box82
\@tempa=\box83
\@tempa=\box84
\@tempa=\box85
\@tempa=\box86
\@tempa=\box87
\@tempa=\box88
\@tempa=\box89
\@tempa=\box90
\@tempa=\box91
\@tempa=\box92
\@tempa=\box93
\@tempa=\box94
\@tempa=\box95
\@tempa=\box96
\c@minrows=\count289
\c@columnbadness=\count290
\c@finalcolumnbadness=\count291
\last@try=\dimen155
\multicolovershoot=\dimen156
\multicolundershoot=\dimen157
\mult@nat@firstbox=\box97
\colbreak@box=\box98
\mc@col@check@num=\count292
\g__mc_curr_col_int=\count293
)
(/usr/local/texlive/2025/texmf-dist/tex/latex/oberdiek/aliascnt.sty
Package: aliascnt 2018/09/07 v1.5 Alias counters (HO)
)
\c@chapter=\count294
LaTeX Font Info:    Redeclaring math symbol \Gamma on input line 379.
LaTeX Font Info:    Redeclaring math symbol \Delta on input line 380.
LaTeX Font Info:    Redeclaring math symbol \Theta on input line 381.
LaTeX Font Info:    Redeclaring math symbol \Lambda on input line 382.
LaTeX Font Info:    Redeclaring math symbol \Xi on input line 383.
LaTeX Font Info:    Redeclaring math symbol \Pi on input line 384.
LaTeX Font Info:    Redeclaring math symbol \Sigma on input line 385.
LaTeX Font Info:    Redeclaring math symbol \Upsilon on input line 386.
LaTeX Font Info:    Redeclaring math symbol \Phi on input line 387.
LaTeX Font Info:    Redeclaring math symbol \Psi on input line 388.
LaTeX Font Info:    Redeclaring math symbol \Omega on input line 389.
LaTeX Info: Redefining \vec on input line 394.
\tocchpnum=\dimen158
\tocsecnum=\dimen159
\tocsectotal=\dimen160
\tocsubsecnum=\dimen161
\tocsubsectotal=\dimen162
\tocsubsubsecnum=\dimen163
\tocsubsubsectotal=\dimen164
\tocparanum=\dimen165
\tocparatotal=\dimen166
\tocsubparanum=\dimen167
\@tempcntc=\count295
\fnindent=\dimen168
\c@@inst=\count296
\c@@auth=\count297
\c@auco=\count298
\instindent=\dimen169
\authrun=\box99
\authorrunning=\toks17
\tocauthor=\toks18
\titrun=\box100
\titlerunning=\toks19
\toctitle=\toks20
\c@theorem=\count299
\c@case=\count300
\c@conjecture=\count301
\c@corollary=\count302
\c@definition=\count303
\c@example=\count304
\c@exercise=\count305
\c@lemma=\count306
\c@note=\count307
\c@problem=\count308
\c@property=\count309
\c@proposition=\count310
\c@question=\count311
\c@solution=\count312
\c@remark=\count313
\headlineindent=\dimen170
)
(/usr/local/texlive/2025/texmf-dist/tex/latex/base/fontenc.sty
Package: fontenc 2024/12/21 v2.1c Standard LaTeX package
)
(/usr/local/texlive/2025/texmf-dist/tex/latex/graphics/graphicx.sty
Package: graphicx 2024/12/31 v1.2e Enhanced LaTeX Graphics (DPC,SPQR)

(/usr/local/texlive/2025/texmf-dist/tex/latex/graphics/keyval.sty
Package: keyval 2022/05/29 v1.15 key=value parser (DPC)
\KV@toks@=\toks21
)
(/usr/local/texlive/2025/texmf-dist/tex/latex/graphics/graphics.sty
Package: graphics 2024/08/06 v1.4g Standard LaTeX Graphics (DPC,SPQR)

(/usr/local/texlive/2025/texmf-dist/tex/latex/graphics/trig.sty
Package: trig 2023/12/02 v1.11 sin cos tan (DPC)
)
(/usr/local/texlive/2025/texmf-dist/tex/latex/graphics-cfg/graphics.cfg
File: graphics.cfg 2016/06/04 v1.11 sample graphics configuration
)
Package graphics Info: Driver file: pdftex.def on input line 106.

(/usr/local/texlive/2025/texmf-dist/tex/latex/graphics-def/pdftex.def
File: pdftex.def 2024/04/13 v1.2c Graphics/color driver for pdftex
))
\Gin@req@height=\dimen171
\Gin@req@width=\dimen172
)
(/usr/local/texlive/2025/texmf-dist/tex/latex/caption/subcaption.sty
Package: subcaption 2023/07/28 v1.6b Sub-captions (AR)

(/usr/local/texlive/2025/texmf-dist/tex/latex/caption/caption.sty
Package: caption 2023/08/05 v3.6o Customizing captions (AR)

(/usr/local/texlive/2025/texmf-dist/tex/latex/caption/caption3.sty
Package: caption3 2023/07/31 v2.4d caption3 kernel (AR)
\caption@tempdima=\dimen173
\captionmargin=\dimen174
\caption@leftmargin=\dimen175
\caption@rightmargin=\dimen176
\caption@width=\dimen177
\caption@indent=\dimen178
\caption@parindent=\dimen179
\caption@hangindent=\dimen180
Package caption Info: Unknown document class (or package),
(caption)             standard defaults will be used.
Package caption Info: \@makecaption = \long macro:#1#2->\small \vskip \abovecap
tionskip \sbox \@tempboxa {{\bfseries #1.} #2}\ifdim \wd \@tempboxa >\hsize {\b
fseries #1.} #2\par \else \global \@minipagefalse \hb@xt@ \hsize {\hfil \box \@
tempboxa \hfil }\fi \vskip \belowcaptionskip  on input line 1175.
)

Package caption Warning: Unknown document class (or package),
(caption)                standard defaults will be used.
See the caption package documentation for explanation.

\c@caption@flags=\count314
\c@continuedfloat=\count315
)
Package caption Info: New subtype `subfigure' on input line 238.
\c@subfigure=\count316
Package caption Info: New subtype `subtable' on input line 238.
\c@subtable=\count317
) (/usr/local/texlive/2025/texmf-dist/tex/latex/l3backend/l3backend-pdftex.def
File: l3backend-pdftex.def 2025-04-14 L3 backend support: PDF output (pdfTeX)
\l__color_backend_stack_int=\count318
) (./0018.aux)
\openout1 = `0018.aux'.

LaTeX Font Info:    Checking defaults for OML/cmm/m/it on input line 23.
LaTeX Font Info:    ... okay on input line 23.
LaTeX Font Info:    Checking defaults for OMS/cmsy/m/n on input line 23.
LaTeX Font Info:    ... okay on input line 23.
LaTeX Font Info:    Checking defaults for OT1/cmr/m/n on input line 23.
LaTeX Font Info:    ... okay on input line 23.
LaTeX Font Info:    Checking defaults for T1/cmr/m/n on input line 23.
LaTeX Font Info:    ... okay on input line 23.
LaTeX Font Info:    Checking defaults for TS1/cmr/m/n on input line 23.
LaTeX Font Info:    ... okay on input line 23.
LaTeX Font Info:    Checking defaults for OMX/cmex/m/n on input line 23.
LaTeX Font Info:    ... okay on input line 23.
LaTeX Font Info:    Checking defaults for U/cmr/m/n on input line 23.
LaTeX Font Info:    ... okay on input line 23.

(/usr/local/texlive/2025/texmf-dist/tex/context/base/mkii/supp-pdf.mkii
[Loading MPS to PDF converter (version 2006.09.02).]
\scratchcounter=\count319
\scratchdimen=\dimen181
\scratchbox=\box101
\nofMPsegments=\count320
\nofMParguments=\count321
\everyMPshowfont=\toks22
\MPscratchCnt=\count322
\MPscratchDim=\dimen182
\MPnumerator=\count323
\makeMPintoPDFobject=\count324
\everyMPtoPDFconversion=\toks23
) (/usr/local/texlive/2025/texmf-dist/tex/latex/epstopdf-pkg/epstopdf-base.sty
Package: epstopdf-base 2020-01-24 v2.11 Base part for package epstopdf
Package epstopdf-base Info: Redefining graphics rule for `.eps' on input line 4
85.

(/usr/local/texlive/2025/texmf-dist/tex/latex/latexconfig/epstopdf-sys.cfg
File: epstopdf-sys.cfg 2010/07/13 v1.3 Configuration of (r)epstopdf for TeX Liv
e
))
Package caption Info: Begin \AtBeginDocument code.
Package caption Info: End \AtBeginDocument code.
LaTeX Font Info:    External font `cmex10' loaded for size
(Font)              <7> on input line 50.
LaTeX Font Info:    External font `cmex10' loaded for size
(Font)              <5> on input line 50.

Overfull \hbox (0.37494pt too wide) in paragraph at lines 65--66
\T1/cmr/m/n/10 Datasets from men-tioned chal-lenges were uti-lized and also in-
ter-nal dataset TAƒR
 []



[1

{/usr/local/texlive/2025/texmf-var/fonts/map/pdftex/updmap/pdftex.map}{/usr/loc
al/texlive/2025/texmf-dist/fonts/enc/dvips/cm-super/cm-super-t1.enc}{/usr/local
/texlive/2025/texmf-dist/fonts/enc/dvips/cm-super/cm-super-ts1.enc}]
LaTeX Font Info:    External font `cmex10' loaded for size
(Font)              <9> on input line 77.
LaTeX Font Info:    External font `cmex10' loaded for size
(Font)              <6> on input line 77.
<Data/iseg2019_dataset/slices/training/2_1.png, id=12, 144.54pt x 192.72pt>
File: Data/iseg2019_dataset/slices/training/2_1.png Graphic file (type png)
<use Data/iseg2019_dataset/slices/training/2_1.png>
Package pdftex.def Info: Data/iseg2019_dataset/slices/training/2_1.png  used on
 input line 95.
(pdftex.def)             Requested size: 69.42365pt x 92.56335pt.
<Data/iseg2019_dataset/slices/training/2_2.png, id=14, 144.54pt x 192.72pt>
File: Data/iseg2019_dataset/slices/training/2_2.png Graphic file (type png)
<use Data/iseg2019_dataset/slices/training/2_2.png>
Package pdftex.def Info: Data/iseg2019_dataset/slices/training/2_2.png  used on
 input line 96.
(pdftex.def)             Requested size: 69.42365pt x 92.56335pt.
<Data/iseg2019_dataset/slices/training/2_3.png, id=15, 144.54pt x 192.72pt>
File: Data/iseg2019_dataset/slices/training/2_3.png Graphic file (type png)
<use Data/iseg2019_dataset/slices/training/2_3.png>
Package pdftex.def Info: Data/iseg2019_dataset/slices/training/2_3.png  used on
 input line 97.
(pdftex.def)             Requested size: 69.42365pt x 92.56335pt.
<Data/bonbid2023_dataset/slices/training/3_1.png, id=16, 256.96pt x 256.96pt>
File: Data/bonbid2023_dataset/slices/training/3_1.png Graphic file (type png)
<use Data/bonbid2023_dataset/slices/training/3_1.png>
Package pdftex.def Info: Data/bonbid2023_dataset/slices/training/3_1.png  used 
on input line 102.
(pdftex.def)             Requested size: 69.42365pt x 69.42325pt.
<Data/bonbid2023_dataset/slices/training/3_2.png, id=17, 256.96pt x 256.96pt>
File: Data/bonbid2023_dataset/slices/training/3_2.png Graphic file (type png)
<use Data/bonbid2023_dataset/slices/training/3_2.png>
Package pdftex.def Info: Data/bonbid2023_dataset/slices/training/3_2.png  used 
on input line 103.
(pdftex.def)             Requested size: 69.42365pt x 69.42325pt.
<Data/bonbid2023_dataset/slices/training/3_3.png, id=18, 256.96pt x 256.96pt>
File: Data/bonbid2023_dataset/slices/training/3_3.png Graphic file (type png)
<use Data/bonbid2023_dataset/slices/training/3_3.png>
Package pdftex.def Info: Data/bonbid2023_dataset/slices/training/3_3.png  used 
on input line 104.
(pdftex.def)             Requested size: 69.42365pt x 69.42325pt.
<Data/tacrhie_dataset/slices/training/5_1.png, id=19, 256.96pt x 256.96pt>
File: Data/tacrhie_dataset/slices/training/5_1.png Graphic file (type png)
<use Data/tacrhie_dataset/slices/training/5_1.png>
Package pdftex.def Info: Data/tacrhie_dataset/slices/training/5_1.png  used on 
input line 109.
(pdftex.def)             Requested size: 69.42365pt x 69.42325pt.
<Data/tacrhie_dataset/slices/training/5_2.png, id=20, 256.96pt x 256.96pt>
File: Data/tacrhie_dataset/slices/training/5_2.png Graphic file (type png)
<use Data/tacrhie_dataset/slices/training/5_2.png>
Package pdftex.def Info: Data/tacrhie_dataset/slices/training/5_2.png  used on 
input line 110.
(pdftex.def)             Requested size: 69.42365pt x 69.42325pt.
<Data/tacrhie_dataset/slices/training/5_3.png, id=21, 256.96pt x 256.96pt>
File: Data/tacrhie_dataset/slices/training/5_3.png Graphic file (type png)
<use Data/tacrhie_dataset/slices/training/5_3.png>
Package pdftex.def Info: Data/tacrhie_dataset/slices/training/5_3.png  used on 
input line 111.
(pdftex.def)             Requested size: 69.42365pt x 69.42325pt.


LaTeX Warning: `h' float specifier changed to `ht'.



[2]
Underfull \vbox (badness 3148) has occurred while \output is active []



[3 <./Data/iseg2019_dataset/slices/training/2_1.png> <./Data/iseg2019_dataset/s
lices/training/2_2.png> <./Data/iseg2019_dataset/slices/training/2_3.png> <./Da
ta/bonbid2023_dataset/slices/training/3_1.png> <./Data/bonbid2023_dataset/slice
s/training/3_2.png> <./Data/bonbid2023_dataset/slices/training/3_3.png> <./Data
/tacrhie_dataset/slices/training/5_1.png> <./Data/tacrhie_dataset/slices/traini
ng/5_2.png> <./Data/tacrhie_dataset/slices/training/5_3.png>]
(./Data/results/BONBID-HIE 2023_stats.tex)
Overfull \hbox (3.77406pt too wide) in paragraph at lines 1--147
 [][] 
 []

(./Data/results/iSeg2019_stats.tex) (./Data/results/TACR 6-HIE aseg_stats.tex)
(./Data/results/TACR 6-HIE aseg+aparc_stats.tex)
Overfull \hbox (3.77406pt too wide) in paragraph at lines 1--171
 [][] 
 []

(./Data/results/iseg_img_2.tex
<Data/results//Unet/iSeg 2019/1_1.nii_src_2.png, id=37, 128.48pt x 138.5175pt>
File: Data/results//Unet/iSeg 2019/1_1.nii_src_2.png Graphic file (type png)
<use Data/results//Unet/iSeg 2019/1_1.nii_src_2.png>
Package pdftex.def Info: Data/results//Unet/iSeg 2019/1_1.nii_src_2.png  used o
n input line 48.
(pdftex.def)             Requested size: 34.36575pt x 37.04936pt.
<Data/results//Unet/iSeg 2019/1_1.nii_src2_2.png, id=38, 128.48pt x 138.5175pt>

File: Data/results//Unet/iSeg 2019/1_1.nii_src2_2.png Graphic file (type png)
<use Data/results//Unet/iSeg 2019/1_1.nii_src2_2.png>
Package pdftex.def Info: Data/results//Unet/iSeg 2019/1_1.nii_src2_2.png  used 
on input line 49.
(pdftex.def)             Requested size: 34.36575pt x 37.04936pt.
<Data/results//Unet/iSeg 2019/1_1.nii_gt_2.png, id=39, 128.48pt x 138.5175pt>
File: Data/results//Unet/iSeg 2019/1_1.nii_gt_2.png Graphic file (type png)
<use Data/results//Unet/iSeg 2019/1_1.nii_gt_2.png>
Package pdftex.def Info: Data/results//Unet/iSeg 2019/1_1.nii_gt_2.png  used on
 input line 50.
(pdftex.def)             Requested size: 34.36575pt x 37.04936pt.
<Data/results//Unet/iSeg 2019/1_1.nii_seg_err_2.png, id=40, 128.48pt x 138.5175
pt>
File: Data/results//Unet/iSeg 2019/1_1.nii_seg_err_2.png Graphic file (type png
)
<use Data/results//Unet/iSeg 2019/1_1.nii_seg_err_2.png>
Package pdftex.def Info: Data/results//Unet/iSeg 2019/1_1.nii_seg_err_2.png  us
ed on input line 54.
(pdftex.def)             Requested size: 34.36488pt x 37.04936pt.


LaTeX Warning: File `Data/results//nnUNet2_2d/iSeg 2019/1_1.nii_seg_err_2.png' 
not found on input line 58.


! Package pdftex.def Error: File `Data/results//nnUNet2_2d/iSeg 2019/1_1.nii_se
g_err_2.png' not found: using draft setting.

See the pdftex.def package documentation for explanation.
Type  H <return>  for immediate help.
 ...                                              
                                                  
l.58 ...nUNet2_2d/iSeg 2019/1_1.nii_seg_err_2.png}
                                                  
? 

LaTeX Warning: File `Data/results//nnUNet2_3d_fullres/iSeg 2019/1_1.nii_seg_err
_2.png' not found on input line 62.


! Package pdftex.def Error: File `Data/results//nnUNet2_3d_fullres/iSeg 2019/1_
1.nii_seg_err_2.png' not found: using draft setting.

See the pdftex.def package documentation for explanation.
Type  H <return>  for immediate help.
 ...                                              
                                                  
l.62 ...d_fullres/iSeg 2019/1_1.nii_seg_err_2.png}
                                                  
? 
<Data/results//Deeplabv3/iSeg 2019/1_1.nii_seg_err_2.png, id=41, 128.48pt x 138
.5175pt>
File: Data/results//Deeplabv3/iSeg 2019/1_1.nii_seg_err_2.png Graphic file (typ
e png)
<use Data/results//Deeplabv3/iSeg 2019/1_1.nii_seg_err_2.png>
Package pdftex.def Info: Data/results//Deeplabv3/iSeg 2019/1_1.nii_seg_err_2.pn
g  used on input line 66.
(pdftex.def)             Requested size: 34.36488pt x 37.04936pt.
<Data/results//UMamba_2d_bot/iSeg 2019/1_1.nii_seg_err_2.png, id=42, 128.48pt x
 138.5175pt>
File: Data/results//UMamba_2d_bot/iSeg 2019/1_1.nii_seg_err_2.png Graphic file 
(type png)
<use Data/results//UMamba_2d_bot/iSeg 2019/1_1.nii_seg_err_2.png>
Package pdftex.def Info: Data/results//UMamba_2d_bot/iSeg 2019/1_1.nii_seg_err_
2.png  used on input line 70.
(pdftex.def)             Requested size: 34.36488pt x 37.04936pt.
<Data/results//UMamba_3d_bot/iSeg 2019/1_1.nii_seg_err_2.png, id=43, 128.48pt x
 138.5175pt>
File: Data/results//UMamba_3d_bot/iSeg 2019/1_1.nii_seg_err_2.png Graphic file 
(type png)
<use Data/results//UMamba_3d_bot/iSeg 2019/1_1.nii_seg_err_2.png>
Package pdftex.def Info: Data/results//UMamba_3d_bot/iSeg 2019/1_1.nii_seg_err_
2.png  used on input line 74.
(pdftex.def)             Requested size: 34.36488pt x 37.04936pt.
) (./Data/results/bonbid_img_2.tex
<Data/results//Unet/BONBID-HIE 2023/1_1.nii_src_2.png, id=44, 121.45375pt x 158
.5925pt>
File: Data/results//Unet/BONBID-HIE 2023/1_1.nii_src_2.png Graphic file (type p
ng)
<use Data/results//Unet/BONBID-HIE 2023/1_1.nii_src_2.png>
Package pdftex.def Info: Data/results//Unet/BONBID-HIE 2023/1_1.nii_src_2.png  
used on input line 48.
(pdftex.def)             Requested size: 34.36575pt x 44.87263pt.
<Data/results//Unet/BONBID-HIE 2023/1_1.nii_src2_2.png, id=45, 121.45375pt x 15
8.5925pt>
File: Data/results//Unet/BONBID-HIE 2023/1_1.nii_src2_2.png Graphic file (type 
png)
<use Data/results//Unet/BONBID-HIE 2023/1_1.nii_src2_2.png>
Package pdftex.def Info: Data/results//Unet/BONBID-HIE 2023/1_1.nii_src2_2.png 
 used on input line 49.
(pdftex.def)             Requested size: 34.36575pt x 44.87263pt.
<Data/results//Unet/BONBID-HIE 2023/1_1.nii_gt_2.png, id=46, 121.45375pt x 158.
5925pt>
File: Data/results//Unet/BONBID-HIE 2023/1_1.nii_gt_2.png Graphic file (type pn
g)
<use Data/results//Unet/BONBID-HIE 2023/1_1.nii_gt_2.png>
Package pdftex.def Info: Data/results//Unet/BONBID-HIE 2023/1_1.nii_gt_2.png  u
sed on input line 50.
(pdftex.def)             Requested size: 34.36575pt x 44.87263pt.
<Data/results//Unet/BONBID-HIE 2023/1_1.nii_seg_err_2.png, id=47, 121.45375pt x
 158.5925pt>
File: Data/results//Unet/BONBID-HIE 2023/1_1.nii_seg_err_2.png Graphic file (ty
pe png)
<use Data/results//Unet/BONBID-HIE 2023/1_1.nii_seg_err_2.png>
Package pdftex.def Info: Data/results//Unet/BONBID-HIE 2023/1_1.nii_seg_err_2.p
ng  used on input line 54.
(pdftex.def)             Requested size: 34.36488pt x 44.87263pt.


LaTeX Warning: File `Data/results//nnUNet2_2d/BONBID-HIE 2023/1_1.nii_seg_err_2
.png' not found on input line 58.


! Package pdftex.def Error: File `Data/results//nnUNet2_2d/BONBID-HIE 2023/1_1.
nii_seg_err_2.png' not found: using draft setting.

See the pdftex.def package documentation for explanation.
Type  H <return>  for immediate help.
 ...                                              
                                                  
l.58 ..._2d/BONBID-HIE 2023/1_1.nii_seg_err_2.png}
                                                  
? 

LaTeX Warning: File `Data/results//nnUNet2_3d_fullres/BONBID-HIE 2023/1_1.nii_s
eg_err_2.png' not found on input line 62.


! Package pdftex.def Error: File `Data/results//nnUNet2_3d_fullres/BONBID-HIE 2
023/1_1.nii_seg_err_2.png' not found: using draft setting.

See the pdftex.def package documentation for explanation.
Type  H <return>  for immediate help.
 ...                                              
                                                  
l.62 ...res/BONBID-HIE 2023/1_1.nii_seg_err_2.png}
                                                  
? 
<Data/results//Deeplabv3/BONBID-HIE 2023/1_1.nii_seg_err_2.png, id=48, 121.4537
5pt x 158.5925pt>
File: Data/results//Deeplabv3/BONBID-HIE 2023/1_1.nii_seg_err_2.png Graphic fil
e (type png)
<use Data/results//Deeplabv3/BONBID-HIE 2023/1_1.nii_seg_err_2.png>
Package pdftex.def Info: Data/results//Deeplabv3/BONBID-HIE 2023/1_1.nii_seg_er
r_2.png  used on input line 66.
(pdftex.def)             Requested size: 34.36488pt x 44.87263pt.
<Data/results//UMamba_2d_bot/BONBID-HIE 2023/1_1.nii_seg_err_2.png, id=49, 121.
45375pt x 158.5925pt>
File: Data/results//UMamba_2d_bot/BONBID-HIE 2023/1_1.nii_seg_err_2.png Graphic
 file (type png)
<use Data/results//UMamba_2d_bot/BONBID-HIE 2023/1_1.nii_seg_err_2.png>
Package pdftex.def Info: Data/results//UMamba_2d_bot/BONBID-HIE 2023/1_1.nii_se
g_err_2.png  used on input line 70.
(pdftex.def)             Requested size: 34.36488pt x 44.87263pt.
<Data/results//UMamba_3d_bot/BONBID-HIE 2023/1_1.nii_seg_err_2.png, id=50, 121.
45375pt x 158.5925pt>
File: Data/results//UMamba_3d_bot/BONBID-HIE 2023/1_1.nii_seg_err_2.png Graphic
 file (type png)
<use Data/results//UMamba_3d_bot/BONBID-HIE 2023/1_1.nii_seg_err_2.png>
Package pdftex.def Info: Data/results//UMamba_3d_bot/BONBID-HIE 2023/1_1.nii_se
g_err_2.png  used on input line 74.
(pdftex.def)             Requested size: 34.36488pt x 44.87263pt.
<Data/results//Unet/BONBID-HIE 2023/2_1.nii_src_2.png, id=51, 121.45375pt x 158
.5925pt>
File: Data/results//Unet/BONBID-HIE 2023/2_1.nii_src_2.png Graphic file (type p
ng)
<use Data/results//Unet/BONBID-HIE 2023/2_1.nii_src_2.png>
Package pdftex.def Info: Data/results//Unet/BONBID-HIE 2023/2_1.nii_src_2.png  
used on input line 84.
(pdftex.def)             Requested size: 34.36575pt x 44.87263pt.
<Data/results//Unet/BONBID-HIE 2023/2_1.nii_src2_2.png, id=52, 121.45375pt x 15
8.5925pt>
File: Data/results//Unet/BONBID-HIE 2023/2_1.nii_src2_2.png Graphic file (type 
png)
<use Data/results//Unet/BONBID-HIE 2023/2_1.nii_src2_2.png>
Package pdftex.def Info: Data/results//Unet/BONBID-HIE 2023/2_1.nii_src2_2.png 
 used on input line 85.
(pdftex.def)             Requested size: 34.36575pt x 44.87263pt.
<Data/results//Unet/BONBID-HIE 2023/2_1.nii_gt_2.png, id=53, 121.45375pt x 158.
5925pt>
File: Data/results//Unet/BONBID-HIE 2023/2_1.nii_gt_2.png Graphic file (type pn
g)
<use Data/results//Unet/BONBID-HIE 2023/2_1.nii_gt_2.png>
Package pdftex.def Info: Data/results//Unet/BONBID-HIE 2023/2_1.nii_gt_2.png  u
sed on input line 86.
(pdftex.def)             Requested size: 34.36575pt x 44.87263pt.
<Data/results//Unet/BONBID-HIE 2023/2_1.nii_seg_err_2.png, id=54, 121.45375pt x
 158.5925pt>
File: Data/results//Unet/BONBID-HIE 2023/2_1.nii_seg_err_2.png Graphic file (ty
pe png)
<use Data/results//Unet/BONBID-HIE 2023/2_1.nii_seg_err_2.png>
Package pdftex.def Info: Data/results//Unet/BONBID-HIE 2023/2_1.nii_seg_err_2.p
ng  used on input line 90.
(pdftex.def)             Requested size: 34.36488pt x 44.87263pt.

LaTeX Warning: File `Data/results//nnUNet2_2d/BONBID-HIE 2023/2_1.nii_seg_err_2
.png' not found on input line 94.


! Package pdftex.def Error: File `Data/results//nnUNet2_2d/BONBID-HIE 2023/2_1.
nii_seg_err_2.png' not found: using draft setting.

See the pdftex.def package documentation for explanation.
Type  H <return>  for immediate help.
 ...                                              
                                                  
l.94 ..._2d/BONBID-HIE 2023/2_1.nii_seg_err_2.png}
                                                  
? 

LaTeX Warning: File `Data/results//nnUNet2_3d_fullres/BONBID-HIE 2023/2_1.nii_s
eg_err_2.png' not found on input line 98.


! Package pdftex.def Error: File `Data/results//nnUNet2_3d_fullres/BONBID-HIE 2
023/2_1.nii_seg_err_2.png' not found: using draft setting.

See the pdftex.def package documentation for explanation.
Type  H <return>  for immediate help.
 ...                                              
                                                  
l.98 ...res/BONBID-HIE 2023/2_1.nii_seg_err_2.png}
                                                  
? 
<Data/results//Deeplabv3/BONBID-HIE 2023/2_1.nii_seg_err_2.png, id=55, 121.4537
5pt x 158.5925pt>
File: Data/results//Deeplabv3/BONBID-HIE 2023/2_1.nii_seg_err_2.png Graphic fil
e (type png)
<use Data/results//Deeplabv3/BONBID-HIE 2023/2_1.nii_seg_err_2.png>
Package pdftex.def Info: Data/results//Deeplabv3/BONBID-HIE 2023/2_1.nii_seg_er
r_2.png  used on input line 102.
(pdftex.def)             Requested size: 34.36488pt x 44.87263pt.
<Data/results//UMamba_2d_bot/BONBID-HIE 2023/2_1.nii_seg_err_2.png, id=56, 121.
45375pt x 158.5925pt>
File: Data/results//UMamba_2d_bot/BONBID-HIE 2023/2_1.nii_seg_err_2.png Graphic
 file (type png)
<use Data/results//UMamba_2d_bot/BONBID-HIE 2023/2_1.nii_seg_err_2.png>
Package pdftex.def Info: Data/results//UMamba_2d_bot/BONBID-HIE 2023/2_1.nii_se
g_err_2.png  used on input line 106.
(pdftex.def)             Requested size: 34.36488pt x 44.87263pt.
<Data/results//UMamba_3d_bot/BONBID-HIE 2023/2_1.nii_seg_err_2.png, id=57, 121.
45375pt x 158.5925pt>
File: Data/results//UMamba_3d_bot/BONBID-HIE 2023/2_1.nii_seg_err_2.png Graphic
 file (type png)
<use Data/results//UMamba_3d_bot/BONBID-HIE 2023/2_1.nii_seg_err_2.png>
Package pdftex.def Info: Data/results//UMamba_3d_bot/BONBID-HIE 2023/2_1.nii_se
g_err_2.png  used on input line 110.
(pdftex.def)             Requested size: 34.36488pt x 44.87263pt.
<Data/results//Unet/BONBID-HIE 2023/3_1.nii_src_2.png, id=58, 121.45375pt x 158
.5925pt>
File: Data/results//Unet/BONBID-HIE 2023/3_1.nii_src_2.png Graphic file (type p
ng)
<use Data/results//Unet/BONBID-HIE 2023/3_1.nii_src_2.png>
Package pdftex.def Info: Data/results//Unet/BONBID-HIE 2023/3_1.nii_src_2.png  
used on input line 120.
(pdftex.def)             Requested size: 34.36575pt x 44.87263pt.
<Data/results//Unet/BONBID-HIE 2023/3_1.nii_src2_2.png, id=59, 121.45375pt x 15
8.5925pt>
File: Data/results//Unet/BONBID-HIE 2023/3_1.nii_src2_2.png Graphic file (type 
png)
<use Data/results//Unet/BONBID-HIE 2023/3_1.nii_src2_2.png>
Package pdftex.def Info: Data/results//Unet/BONBID-HIE 2023/3_1.nii_src2_2.png 
 used on input line 121.
(pdftex.def)             Requested size: 34.36575pt x 44.87263pt.
<Data/results//Unet/BONBID-HIE 2023/3_1.nii_gt_2.png, id=60, 121.45375pt x 158.
5925pt>
File: Data/results//Unet/BONBID-HIE 2023/3_1.nii_gt_2.png Graphic file (type pn
g)
<use Data/results//Unet/BONBID-HIE 2023/3_1.nii_gt_2.png>
Package pdftex.def Info: Data/results//Unet/BONBID-HIE 2023/3_1.nii_gt_2.png  u
sed on input line 122.
(pdftex.def)             Requested size: 34.36575pt x 44.87263pt.
<Data/results//Unet/BONBID-HIE 2023/3_1.nii_seg_err_2.png, id=61, 121.45375pt x
 158.5925pt>
File: Data/results//Unet/BONBID-HIE 2023/3_1.nii_seg_err_2.png Graphic file (ty
pe png)
<use Data/results//Unet/BONBID-HIE 2023/3_1.nii_seg_err_2.png>
Package pdftex.def Info: Data/results//Unet/BONBID-HIE 2023/3_1.nii_seg_err_2.p
ng  used on input line 126.
(pdftex.def)             Requested size: 34.36488pt x 44.87263pt.

LaTeX Warning: File `Data/results//nnUNet2_2d/BONBID-HIE 2023/3_1.nii_seg_err_2
.png' not found on input line 130.


! Package pdftex.def Error: File `Data/results//nnUNet2_2d/BONBID-HIE 2023/3_1.
nii_seg_err_2.png' not found: using draft setting.

See the pdftex.def package documentation for explanation.
Type  H <return>  for immediate help.
 ...                                              
                                                  
l.130 ...2d/BONBID-HIE 2023/3_1.nii_seg_err_2.png}
                                                  
? 

LaTeX Warning: File `Data/results//nnUNet2_3d_fullres/BONBID-HIE 2023/3_1.nii_s
eg_err_2.png' not found on input line 134.


! Package pdftex.def Error: File `Data/results//nnUNet2_3d_fullres/BONBID-HIE 2
023/3_1.nii_seg_err_2.png' not found: using draft setting.

See the pdftex.def package documentation for explanation.
Type  H <return>  for immediate help.
 ...                                              
                                                  
l.134 ...es/BONBID-HIE 2023/3_1.nii_seg_err_2.png}
                                                  
? 
<Data/results//Deeplabv3/BONBID-HIE 2023/3_1.nii_seg_err_2.png, id=62, 121.4537
5pt x 158.5925pt>
File: Data/results//Deeplabv3/BONBID-HIE 2023/3_1.nii_seg_err_2.png Graphic fil
e (type png)
<use Data/results//Deeplabv3/BONBID-HIE 2023/3_1.nii_seg_err_2.png>
Package pdftex.def Info: Data/results//Deeplabv3/BONBID-HIE 2023/3_1.nii_seg_er
r_2.png  used on input line 138.
(pdftex.def)             Requested size: 34.36488pt x 44.87263pt.
<Data/results//UMamba_2d_bot/BONBID-HIE 2023/3_1.nii_seg_err_2.png, id=63, 121.
45375pt x 158.5925pt>
File: Data/results//UMamba_2d_bot/BONBID-HIE 2023/3_1.nii_seg_err_2.png Graphic
 file (type png)
<use Data/results//UMamba_2d_bot/BONBID-HIE 2023/3_1.nii_seg_err_2.png>
Package pdftex.def Info: Data/results//UMamba_2d_bot/BONBID-HIE 2023/3_1.nii_se
g_err_2.png  used on input line 142.
(pdftex.def)             Requested size: 34.36488pt x 44.87263pt.
<Data/results//UMamba_3d_bot/BONBID-HIE 2023/3_1.nii_seg_err_2.png, id=64, 121.
45375pt x 158.5925pt>
File: Data/results//UMamba_3d_bot/BONBID-HIE 2023/3_1.nii_seg_err_2.png Graphic
 file (type png)
<use Data/results//UMamba_3d_bot/BONBID-HIE 2023/3_1.nii_seg_err_2.png>
Package pdftex.def Info: Data/results//UMamba_3d_bot/BONBID-HIE 2023/3_1.nii_se
g_err_2.png  used on input line 146.
(pdftex.def)             Requested size: 34.36488pt x 44.87263pt.
<Data/results//Unet/BONBID-HIE 2023/4_1.nii_src_2.png, id=65, 121.45375pt x 158
.5925pt>
File: Data/results//Unet/BONBID-HIE 2023/4_1.nii_src_2.png Graphic file (type p
ng)
<use Data/results//Unet/BONBID-HIE 2023/4_1.nii_src_2.png>
Package pdftex.def Info: Data/results//Unet/BONBID-HIE 2023/4_1.nii_src_2.png  
used on input line 156.
(pdftex.def)             Requested size: 34.36575pt x 44.87263pt.
<Data/results//Unet/BONBID-HIE 2023/4_1.nii_src2_2.png, id=66, 121.45375pt x 15
8.5925pt>
File: Data/results//Unet/BONBID-HIE 2023/4_1.nii_src2_2.png Graphic file (type 
png)
<use Data/results//Unet/BONBID-HIE 2023/4_1.nii_src2_2.png>
Package pdftex.def Info: Data/results//Unet/BONBID-HIE 2023/4_1.nii_src2_2.png 
 used on input line 157.
(pdftex.def)             Requested size: 34.36575pt x 44.87263pt.
<Data/results//Unet/BONBID-HIE 2023/4_1.nii_gt_2.png, id=67, 121.45375pt x 158.
5925pt>
File: Data/results//Unet/BONBID-HIE 2023/4_1.nii_gt_2.png Graphic file (type pn
g)
<use Data/results//Unet/BONBID-HIE 2023/4_1.nii_gt_2.png>
Package pdftex.def Info: Data/results//Unet/BONBID-HIE 2023/4_1.nii_gt_2.png  u
sed on input line 158.
(pdftex.def)             Requested size: 34.36575pt x 44.87263pt.
<Data/results//Unet/BONBID-HIE 2023/4_1.nii_seg_err_2.png, id=68, 121.45375pt x
 158.5925pt>
File: Data/results//Unet/BONBID-HIE 2023/4_1.nii_seg_err_2.png Graphic file (ty
pe png)
<use Data/results//Unet/BONBID-HIE 2023/4_1.nii_seg_err_2.png>
Package pdftex.def Info: Data/results//Unet/BONBID-HIE 2023/4_1.nii_seg_err_2.p
ng  used on input line 162.
(pdftex.def)             Requested size: 34.36488pt x 44.87263pt.

LaTeX Warning: File `Data/results//nnUNet2_2d/BONBID-HIE 2023/4_1.nii_seg_err_2
.png' not found on input line 166.


! Package pdftex.def Error: File `Data/results//nnUNet2_2d/BONBID-HIE 2023/4_1.
nii_seg_err_2.png' not found: using draft setting.

See the pdftex.def package documentation for explanation.
Type  H <return>  for immediate help.
 ...                                              
                                                  
l.166 ...2d/BONBID-HIE 2023/4_1.nii_seg_err_2.png}
                                                  
? 

LaTeX Warning: File `Data/results//nnUNet2_3d_fullres/BONBID-HIE 2023/4_1.nii_s
eg_err_2.png' not found on input line 170.


! Package pdftex.def Error: File `Data/results//nnUNet2_3d_fullres/BONBID-HIE 2
023/4_1.nii_seg_err_2.png' not found: using draft setting.

See the pdftex.def package documentation for explanation.
Type  H <return>  for immediate help.
 ...                                              
                                                  
l.170 ...es/BONBID-HIE 2023/4_1.nii_seg_err_2.png}
                                                  
? 
<Data/results//Deeplabv3/BONBID-HIE 2023/4_1.nii_seg_err_2.png, id=69, 121.4537
5pt x 158.5925pt>
File: Data/results//Deeplabv3/BONBID-HIE 2023/4_1.nii_seg_err_2.png Graphic fil
e (type png)
<use Data/results//Deeplabv3/BONBID-HIE 2023/4_1.nii_seg_err_2.png>
Package pdftex.def Info: Data/results//Deeplabv3/BONBID-HIE 2023/4_1.nii_seg_er
r_2.png  used on input line 174.
(pdftex.def)             Requested size: 34.36488pt x 44.87263pt.
<Data/results//UMamba_2d_bot/BONBID-HIE 2023/4_1.nii_seg_err_2.png, id=70, 121.
45375pt x 158.5925pt>
File: Data/results//UMamba_2d_bot/BONBID-HIE 2023/4_1.nii_seg_err_2.png Graphic
 file (type png)
<use Data/results//UMamba_2d_bot/BONBID-HIE 2023/4_1.nii_seg_err_2.png>
Package pdftex.def Info: Data/results//UMamba_2d_bot/BONBID-HIE 2023/4_1.nii_se
g_err_2.png  used on input line 178.
(pdftex.def)             Requested size: 34.36488pt x 44.87263pt.
<Data/results//UMamba_3d_bot/BONBID-HIE 2023/4_1.nii_seg_err_2.png, id=71, 121.
45375pt x 158.5925pt>
File: Data/results//UMamba_3d_bot/BONBID-HIE 2023/4_1.nii_seg_err_2.png Graphic
 file (type png)
<use Data/results//UMamba_3d_bot/BONBID-HIE 2023/4_1.nii_seg_err_2.png>
Package pdftex.def Info: Data/results//UMamba_3d_bot/BONBID-HIE 2023/4_1.nii_se
g_err_2.png  used on input line 182.
(pdftex.def)             Requested size: 34.36488pt x 44.87263pt.
<Data/results//Unet/BONBID-HIE 2023/5_1.nii_src_2.png, id=72, 121.45375pt x 158
.5925pt>
File: Data/results//Unet/BONBID-HIE 2023/5_1.nii_src_2.png Graphic file (type p
ng)
<use Data/results//Unet/BONBID-HIE 2023/5_1.nii_src_2.png>
Package pdftex.def Info: Data/results//Unet/BONBID-HIE 2023/5_1.nii_src_2.png  
used on input line 192.
(pdftex.def)             Requested size: 34.36575pt x 44.87263pt.
<Data/results//Unet/BONBID-HIE 2023/5_1.nii_src2_2.png, id=73, 121.45375pt x 15
8.5925pt>
File: Data/results//Unet/BONBID-HIE 2023/5_1.nii_src2_2.png Graphic file (type 
png)
<use Data/results//Unet/BONBID-HIE 2023/5_1.nii_src2_2.png>
Package pdftex.def Info: Data/results//Unet/BONBID-HIE 2023/5_1.nii_src2_2.png 
 used on input line 193.
(pdftex.def)             Requested size: 34.36575pt x 44.87263pt.
<Data/results//Unet/BONBID-HIE 2023/5_1.nii_gt_2.png, id=74, 121.45375pt x 158.
5925pt>
File: Data/results//Unet/BONBID-HIE 2023/5_1.nii_gt_2.png Graphic file (type pn
g)
<use Data/results//Unet/BONBID-HIE 2023/5_1.nii_gt_2.png>
Package pdftex.def Info: Data/results//Unet/BONBID-HIE 2023/5_1.nii_gt_2.png  u
sed on input line 194.
(pdftex.def)             Requested size: 34.36575pt x 44.87263pt.
<Data/results//Unet/BONBID-HIE 2023/5_1.nii_seg_err_2.png, id=75, 121.45375pt x
 158.5925pt>
File: Data/results//Unet/BONBID-HIE 2023/5_1.nii_seg_err_2.png Graphic file (ty
pe png)
<use Data/results//Unet/BONBID-HIE 2023/5_1.nii_seg_err_2.png>
Package pdftex.def Info: Data/results//Unet/BONBID-HIE 2023/5_1.nii_seg_err_2.p
ng  used on input line 198.
(pdftex.def)             Requested size: 34.36488pt x 44.87263pt.

LaTeX Warning: File `Data/results//nnUNet2_2d/BONBID-HIE 2023/5_1.nii_seg_err_2
.png' not found on input line 202.


! Package pdftex.def Error: File `Data/results//nnUNet2_2d/BONBID-HIE 2023/5_1.
nii_seg_err_2.png' not found: using draft setting.

See the pdftex.def package documentation for explanation.
Type  H <return>  for immediate help.
 ...                                              
                                                  
l.202 ...2d/BONBID-HIE 2023/5_1.nii_seg_err_2.png}
                                                  
? 

LaTeX Warning: File `Data/results//nnUNet2_3d_fullres/BONBID-HIE 2023/5_1.nii_s
eg_err_2.png' not found on input line 206.


! Package pdftex.def Error: File `Data/results//nnUNet2_3d_fullres/BONBID-HIE 2
023/5_1.nii_seg_err_2.png' not found: using draft setting.

See the pdftex.def package documentation for explanation.
Type  H <return>  for immediate help.
 ...                                              
                                                  
l.206 ...es/BONBID-HIE 2023/5_1.nii_seg_err_2.png}
                                                  
? 
<Data/results//Deeplabv3/BONBID-HIE 2023/5_1.nii_seg_err_2.png, id=76, 121.4537
5pt x 158.5925pt>
File: Data/results//Deeplabv3/BONBID-HIE 2023/5_1.nii_seg_err_2.png Graphic fil
e (type png)
<use Data/results//Deeplabv3/BONBID-HIE 2023/5_1.nii_seg_err_2.png>
Package pdftex.def Info: Data/results//Deeplabv3/BONBID-HIE 2023/5_1.nii_seg_er
r_2.png  used on input line 210.
(pdftex.def)             Requested size: 34.36488pt x 44.87263pt.
<Data/results//UMamba_2d_bot/BONBID-HIE 2023/5_1.nii_seg_err_2.png, id=77, 121.
45375pt x 158.5925pt>
File: Data/results//UMamba_2d_bot/BONBID-HIE 2023/5_1.nii_seg_err_2.png Graphic
 file (type png)
<use Data/results//UMamba_2d_bot/BONBID-HIE 2023/5_1.nii_seg_err_2.png>
Package pdftex.def Info: Data/results//UMamba_2d_bot/BONBID-HIE 2023/5_1.nii_se
g_err_2.png  used on input line 214.
(pdftex.def)             Requested size: 34.36488pt x 44.87263pt.
<Data/results//UMamba_3d_bot/BONBID-HIE 2023/5_1.nii_seg_err_2.png, id=78, 121.
45375pt x 158.5925pt>
File: Data/results//UMamba_3d_bot/BONBID-HIE 2023/5_1.nii_seg_err_2.png Graphic
 file (type png)
<use Data/results//UMamba_3d_bot/BONBID-HIE 2023/5_1.nii_seg_err_2.png>
Package pdftex.def Info: Data/results//UMamba_3d_bot/BONBID-HIE 2023/5_1.nii_se
g_err_2.png  used on input line 218.
(pdftex.def)             Requested size: 34.36488pt x 44.87263pt.
<Data/results//Unet/BONBID-HIE 2023/6_1.nii_src_2.png, id=79, 121.45375pt x 158
.5925pt>
File: Data/results//Unet/BONBID-HIE 2023/6_1.nii_src_2.png Graphic file (type p
ng)
<use Data/results//Unet/BONBID-HIE 2023/6_1.nii_src_2.png>
Package pdftex.def Info: Data/results//Unet/BONBID-HIE 2023/6_1.nii_src_2.png  
used on input line 228.
(pdftex.def)             Requested size: 34.36575pt x 44.87263pt.
<Data/results//Unet/BONBID-HIE 2023/6_1.nii_src2_2.png, id=80, 121.45375pt x 15
8.5925pt>
File: Data/results//Unet/BONBID-HIE 2023/6_1.nii_src2_2.png Graphic file (type 
png)
<use Data/results//Unet/BONBID-HIE 2023/6_1.nii_src2_2.png>
Package pdftex.def Info: Data/results//Unet/BONBID-HIE 2023/6_1.nii_src2_2.png 
 used on input line 229.
(pdftex.def)             Requested size: 34.36575pt x 44.87263pt.
<Data/results//Unet/BONBID-HIE 2023/6_1.nii_gt_2.png, id=81, 121.45375pt x 158.
5925pt>
File: Data/results//Unet/BONBID-HIE 2023/6_1.nii_gt_2.png Graphic file (type pn
g)
<use Data/results//Unet/BONBID-HIE 2023/6_1.nii_gt_2.png>
Package pdftex.def Info: Data/results//Unet/BONBID-HIE 2023/6_1.nii_gt_2.png  u
sed on input line 230.
(pdftex.def)             Requested size: 34.36575pt x 44.87263pt.
<Data/results//Unet/BONBID-HIE 2023/6_1.nii_seg_err_2.png, id=82, 121.45375pt x
 158.5925pt>
File: Data/results//Unet/BONBID-HIE 2023/6_1.nii_seg_err_2.png Graphic file (ty
pe png)
<use Data/results//Unet/BONBID-HIE 2023/6_1.nii_seg_err_2.png>
Package pdftex.def Info: Data/results//Unet/BONBID-HIE 2023/6_1.nii_seg_err_2.p
ng  used on input line 234.
(pdftex.def)             Requested size: 34.36488pt x 44.87263pt.

LaTeX Warning: File `Data/results//nnUNet2_2d/BONBID-HIE 2023/6_1.nii_seg_err_2
.png' not found on input line 238.


! Package pdftex.def Error: File `Data/results//nnUNet2_2d/BONBID-HIE 2023/6_1.
nii_seg_err_2.png' not found: using draft setting.

See the pdftex.def package documentation for explanation.
Type  H <return>  for immediate help.
 ...                                              
                                                  
l.238 ...2d/BONBID-HIE 2023/6_1.nii_seg_err_2.png}
                                                  
? 

LaTeX Warning: File `Data/results//nnUNet2_3d_fullres/BONBID-HIE 2023/6_1.nii_s
eg_err_2.png' not found on input line 242.


! Package pdftex.def Error: File `Data/results//nnUNet2_3d_fullres/BONBID-HIE 2
023/6_1.nii_seg_err_2.png' not found: using draft setting.

See the pdftex.def package documentation for explanation.
Type  H <return>  for immediate help.
 ...                                              
                                                  
l.242 ...es/BONBID-HIE 2023/6_1.nii_seg_err_2.png}
                                                  
? 
<Data/results//Deeplabv3/BONBID-HIE 2023/6_1.nii_seg_err_2.png, id=83, 121.4537
5pt x 158.5925pt>
File: Data/results//Deeplabv3/BONBID-HIE 2023/6_1.nii_seg_err_2.png Graphic fil
e (type png)
<use Data/results//Deeplabv3/BONBID-HIE 2023/6_1.nii_seg_err_2.png>
Package pdftex.def Info: Data/results//Deeplabv3/BONBID-HIE 2023/6_1.nii_seg_er
r_2.png  used on input line 246.
(pdftex.def)             Requested size: 34.36488pt x 44.87263pt.
<Data/results//UMamba_2d_bot/BONBID-HIE 2023/6_1.nii_seg_err_2.png, id=84, 121.
45375pt x 158.5925pt>
File: Data/results//UMamba_2d_bot/BONBID-HIE 2023/6_1.nii_seg_err_2.png Graphic
 file (type png)
<use Data/results//UMamba_2d_bot/BONBID-HIE 2023/6_1.nii_seg_err_2.png>
Package pdftex.def Info: Data/results//UMamba_2d_bot/BONBID-HIE 2023/6_1.nii_se
g_err_2.png  used on input line 250.
(pdftex.def)             Requested size: 34.36488pt x 44.87263pt.
<Data/results//UMamba_3d_bot/BONBID-HIE 2023/6_1.nii_seg_err_2.png, id=85, 121.
45375pt x 158.5925pt>
File: Data/results//UMamba_3d_bot/BONBID-HIE 2023/6_1.nii_seg_err_2.png Graphic
 file (type png)
<use Data/results//UMamba_3d_bot/BONBID-HIE 2023/6_1.nii_seg_err_2.png>
Package pdftex.def Info: Data/results//UMamba_3d_bot/BONBID-HIE 2023/6_1.nii_se
g_err_2.png  used on input line 254.
(pdftex.def)             Requested size: 34.36488pt x 44.87263pt.
<Data/results//Unet/BONBID-HIE 2023/7_1.nii_src_2.png, id=86, 121.45375pt x 158
.5925pt>
File: Data/results//Unet/BONBID-HIE 2023/7_1.nii_src_2.png Graphic file (type p
ng)
<use Data/results//Unet/BONBID-HIE 2023/7_1.nii_src_2.png>
Package pdftex.def Info: Data/results//Unet/BONBID-HIE 2023/7_1.nii_src_2.png  
used on input line 264.
(pdftex.def)             Requested size: 34.36575pt x 44.87263pt.
<Data/results//Unet/BONBID-HIE 2023/7_1.nii_src2_2.png, id=87, 121.45375pt x 15
8.5925pt>
File: Data/results//Unet/BONBID-HIE 2023/7_1.nii_src2_2.png Graphic file (type 
png)
<use Data/results//Unet/BONBID-HIE 2023/7_1.nii_src2_2.png>
Package pdftex.def Info: Data/results//Unet/BONBID-HIE 2023/7_1.nii_src2_2.png 
 used on input line 265.
(pdftex.def)             Requested size: 34.36575pt x 44.87263pt.
<Data/results//Unet/BONBID-HIE 2023/7_1.nii_gt_2.png, id=88, 121.45375pt x 158.
5925pt>
File: Data/results//Unet/BONBID-HIE 2023/7_1.nii_gt_2.png Graphic file (type pn
g)
<use Data/results//Unet/BONBID-HIE 2023/7_1.nii_gt_2.png>
Package pdftex.def Info: Data/results//Unet/BONBID-HIE 2023/7_1.nii_gt_2.png  u
sed on input line 266.
(pdftex.def)             Requested size: 34.36575pt x 44.87263pt.
<Data/results//Unet/BONBID-HIE 2023/7_1.nii_seg_err_2.png, id=89, 121.45375pt x
 158.5925pt>
File: Data/results//Unet/BONBID-HIE 2023/7_1.nii_seg_err_2.png Graphic file (ty
pe png)
<use Data/results//Unet/BONBID-HIE 2023/7_1.nii_seg_err_2.png>
Package pdftex.def Info: Data/results//Unet/BONBID-HIE 2023/7_1.nii_seg_err_2.p
ng  used on input line 270.
(pdftex.def)             Requested size: 34.36488pt x 44.87263pt.

LaTeX Warning: File `Data/results//nnUNet2_2d/BONBID-HIE 2023/7_1.nii_seg_err_2
.png' not found on input line 274.


! Package pdftex.def Error: File `Data/results//nnUNet2_2d/BONBID-HIE 2023/7_1.
nii_seg_err_2.png' not found: using draft setting.

See the pdftex.def package documentation for explanation.
Type  H <return>  for immediate help.
 ...                                              
                                                  
l.274 ...2d/BONBID-HIE 2023/7_1.nii_seg_err_2.png}
                                                  
? 

LaTeX Warning: File `Data/results//nnUNet2_3d_fullres/BONBID-HIE 2023/7_1.nii_s
eg_err_2.png' not found on input line 278.


! Package pdftex.def Error: File `Data/results//nnUNet2_3d_fullres/BONBID-HIE 2
023/7_1.nii_seg_err_2.png' not found: using draft setting.

See the pdftex.def package documentation for explanation.
Type  H <return>  for immediate help.
 ...                                              
                                                  
l.278 ...es/BONBID-HIE 2023/7_1.nii_seg_err_2.png}
                                                  
? 
<Data/results//Deeplabv3/BONBID-HIE 2023/7_1.nii_seg_err_2.png, id=90, 121.4537
5pt x 158.5925pt>
File: Data/results//Deeplabv3/BONBID-HIE 2023/7_1.nii_seg_err_2.png Graphic fil
e (type png)
<use Data/results//Deeplabv3/BONBID-HIE 2023/7_1.nii_seg_err_2.png>
Package pdftex.def Info: Data/results//Deeplabv3/BONBID-HIE 2023/7_1.nii_seg_er
r_2.png  used on input line 282.
(pdftex.def)             Requested size: 34.36488pt x 44.87263pt.
<Data/results//UMamba_2d_bot/BONBID-HIE 2023/7_1.nii_seg_err_2.png, id=91, 121.
45375pt x 158.5925pt>
File: Data/results//UMamba_2d_bot/BONBID-HIE 2023/7_1.nii_seg_err_2.png Graphic
 file (type png)
<use Data/results//UMamba_2d_bot/BONBID-HIE 2023/7_1.nii_seg_err_2.png>
Package pdftex.def Info: Data/results//UMamba_2d_bot/BONBID-HIE 2023/7_1.nii_se
g_err_2.png  used on input line 286.
(pdftex.def)             Requested size: 34.36488pt x 44.87263pt.
<Data/results//UMamba_3d_bot/BONBID-HIE 2023/7_1.nii_seg_err_2.png, id=92, 121.
45375pt x 158.5925pt>
File: Data/results//UMamba_3d_bot/BONBID-HIE 2023/7_1.nii_seg_err_2.png Graphic
 file (type png)
<use Data/results//UMamba_3d_bot/BONBID-HIE 2023/7_1.nii_seg_err_2.png>
Package pdftex.def Info: Data/results//UMamba_3d_bot/BONBID-HIE 2023/7_1.nii_se
g_err_2.png  used on input line 290.
(pdftex.def)             Requested size: 34.36488pt x 44.87263pt.
<Data/results//Unet/BONBID-HIE 2023/8_1.nii_src_2.png, id=93, 121.45375pt x 158
.5925pt>
File: Data/results//Unet/BONBID-HIE 2023/8_1.nii_src_2.png Graphic file (type p
ng)
<use Data/results//Unet/BONBID-HIE 2023/8_1.nii_src_2.png>
Package pdftex.def Info: Data/results//Unet/BONBID-HIE 2023/8_1.nii_src_2.png  
used on input line 300.
(pdftex.def)             Requested size: 34.36575pt x 44.87263pt.
<Data/results//Unet/BONBID-HIE 2023/8_1.nii_src2_2.png, id=94, 121.45375pt x 15
8.5925pt>
File: Data/results//Unet/BONBID-HIE 2023/8_1.nii_src2_2.png Graphic file (type 
png)
<use Data/results//Unet/BONBID-HIE 2023/8_1.nii_src2_2.png>
Package pdftex.def Info: Data/results//Unet/BONBID-HIE 2023/8_1.nii_src2_2.png 
 used on input line 301.
(pdftex.def)             Requested size: 34.36575pt x 44.87263pt.
<Data/results//Unet/BONBID-HIE 2023/8_1.nii_gt_2.png, id=95, 121.45375pt x 158.
5925pt>
File: Data/results//Unet/BONBID-HIE 2023/8_1.nii_gt_2.png Graphic file (type pn
g)
<use Data/results//Unet/BONBID-HIE 2023/8_1.nii_gt_2.png>
Package pdftex.def Info: Data/results//Unet/BONBID-HIE 2023/8_1.nii_gt_2.png  u
sed on input line 302.
(pdftex.def)             Requested size: 34.36575pt x 44.87263pt.
<Data/results//Unet/BONBID-HIE 2023/8_1.nii_seg_err_2.png, id=96, 121.45375pt x
 158.5925pt>
File: Data/results//Unet/BONBID-HIE 2023/8_1.nii_seg_err_2.png Graphic file (ty
pe png)
<use Data/results//Unet/BONBID-HIE 2023/8_1.nii_seg_err_2.png>
Package pdftex.def Info: Data/results//Unet/BONBID-HIE 2023/8_1.nii_seg_err_2.p
ng  used on input line 306.
(pdftex.def)             Requested size: 34.36488pt x 44.87263pt.

LaTeX Warning: File `Data/results//nnUNet2_2d/BONBID-HIE 2023/8_1.nii_seg_err_2
.png' not found on input line 310.


! Package pdftex.def Error: File `Data/results//nnUNet2_2d/BONBID-HIE 2023/8_1.
nii_seg_err_2.png' not found: using draft setting.

See the pdftex.def package documentation for explanation.
Type  H <return>  for immediate help.
 ...                                              
                                                  
l.310 ...2d/BONBID-HIE 2023/8_1.nii_seg_err_2.png}
                                                  
? 

LaTeX Warning: File `Data/results//nnUNet2_3d_fullres/BONBID-HIE 2023/8_1.nii_s
eg_err_2.png' not found on input line 314.


! Package pdftex.def Error: File `Data/results//nnUNet2_3d_fullres/BONBID-HIE 2
023/8_1.nii_seg_err_2.png' not found: using draft setting.

See the pdftex.def package documentation for explanation.
Type  H <return>  for immediate help.
 ...                                              
                                                  
l.314 ...es/BONBID-HIE 2023/8_1.nii_seg_err_2.png}
                                                  
? 
<Data/results//Deeplabv3/BONBID-HIE 2023/8_1.nii_seg_err_2.png, id=97, 121.4537
5pt x 158.5925pt>
File: Data/results//Deeplabv3/BONBID-HIE 2023/8_1.nii_seg_err_2.png Graphic fil
e (type png)
<use Data/results//Deeplabv3/BONBID-HIE 2023/8_1.nii_seg_err_2.png>
Package pdftex.def Info: Data/results//Deeplabv3/BONBID-HIE 2023/8_1.nii_seg_er
r_2.png  used on input line 318.
(pdftex.def)             Requested size: 34.36488pt x 44.87263pt.
<Data/results//UMamba_2d_bot/BONBID-HIE 2023/8_1.nii_seg_err_2.png, id=98, 121.
45375pt x 158.5925pt>
File: Data/results//UMamba_2d_bot/BONBID-HIE 2023/8_1.nii_seg_err_2.png Graphic
 file (type png)
<use Data/results//UMamba_2d_bot/BONBID-HIE 2023/8_1.nii_seg_err_2.png>
Package pdftex.def Info: Data/results//UMamba_2d_bot/BONBID-HIE 2023/8_1.nii_se
g_err_2.png  used on input line 322.
(pdftex.def)             Requested size: 34.36488pt x 44.87263pt.
<Data/results//UMamba_3d_bot/BONBID-HIE 2023/8_1.nii_seg_err_2.png, id=99, 121.
45375pt x 158.5925pt>
File: Data/results//UMamba_3d_bot/BONBID-HIE 2023/8_1.nii_seg_err_2.png Graphic
 file (type png)
<use Data/results//UMamba_3d_bot/BONBID-HIE 2023/8_1.nii_seg_err_2.png>
Package pdftex.def Info: Data/results//UMamba_3d_bot/BONBID-HIE 2023/8_1.nii_se
g_err_2.png  used on input line 326.
(pdftex.def)             Requested size: 34.36488pt x 44.87263pt.
<Data/results//Unet/BONBID-HIE 2023/9_1.nii_src_2.png, id=100, 121.45375pt x 15
8.5925pt>
File: Data/results//Unet/BONBID-HIE 2023/9_1.nii_src_2.png Graphic file (type p
ng)
<use Data/results//Unet/BONBID-HIE 2023/9_1.nii_src_2.png>
Package pdftex.def Info: Data/results//Unet/BONBID-HIE 2023/9_1.nii_src_2.png  
used on input line 336.
(pdftex.def)             Requested size: 34.36575pt x 44.87263pt.
<Data/results//Unet/BONBID-HIE 2023/9_1.nii_src2_2.png, id=101, 121.45375pt x 1
58.5925pt>
File: Data/results//Unet/BONBID-HIE 2023/9_1.nii_src2_2.png Graphic file (type 
png)
<use Data/results//Unet/BONBID-HIE 2023/9_1.nii_src2_2.png>
Package pdftex.def Info: Data/results//Unet/BONBID-HIE 2023/9_1.nii_src2_2.png 
 used on input line 337.
(pdftex.def)             Requested size: 34.36575pt x 44.87263pt.
<Data/results//Unet/BONBID-HIE 2023/9_1.nii_gt_2.png, id=102, 121.45375pt x 158
.5925pt>
File: Data/results//Unet/BONBID-HIE 2023/9_1.nii_gt_2.png Graphic file (type pn
g)
<use Data/results//Unet/BONBID-HIE 2023/9_1.nii_gt_2.png>
Package pdftex.def Info: Data/results//Unet/BONBID-HIE 2023/9_1.nii_gt_2.png  u
sed on input line 338.
(pdftex.def)             Requested size: 34.36575pt x 44.87263pt.
<Data/results//Unet/BONBID-HIE 2023/9_1.nii_seg_err_2.png, id=103, 121.45375pt 
x 158.5925pt>
File: Data/results//Unet/BONBID-HIE 2023/9_1.nii_seg_err_2.png Graphic file (ty
pe png)
<use Data/results//Unet/BONBID-HIE 2023/9_1.nii_seg_err_2.png>
Package pdftex.def Info: Data/results//Unet/BONBID-HIE 2023/9_1.nii_seg_err_2.p
ng  used on input line 342.
(pdftex.def)             Requested size: 34.36488pt x 44.87263pt.

LaTeX Warning: File `Data/results//nnUNet2_2d/BONBID-HIE 2023/9_1.nii_seg_err_2
.png' not found on input line 346.


! Package pdftex.def Error: File `Data/results//nnUNet2_2d/BONBID-HIE 2023/9_1.
nii_seg_err_2.png' not found: using draft setting.

See the pdftex.def package documentation for explanation.
Type  H <return>  for immediate help.
 ...                                              
                                                  
l.346 ...2d/BONBID-HIE 2023/9_1.nii_seg_err_2.png}
                                                  
? 

LaTeX Warning: File `Data/results//nnUNet2_3d_fullres/BONBID-HIE 2023/9_1.nii_s
eg_err_2.png' not found on input line 350.


! Package pdftex.def Error: File `Data/results//nnUNet2_3d_fullres/BONBID-HIE 2
023/9_1.nii_seg_err_2.png' not found: using draft setting.

See the pdftex.def package documentation for explanation.
Type  H <return>  for immediate help.
 ...                                              
                                                  
l.350 ...es/BONBID-HIE 2023/9_1.nii_seg_err_2.png}
                                                  
? 
<Data/results//Deeplabv3/BONBID-HIE 2023/9_1.nii_seg_err_2.png, id=104, 121.453
75pt x 158.5925pt>
File: Data/results//Deeplabv3/BONBID-HIE 2023/9_1.nii_seg_err_2.png Graphic fil
e (type png)
<use Data/results//Deeplabv3/BONBID-HIE 2023/9_1.nii_seg_err_2.png>
Package pdftex.def Info: Data/results//Deeplabv3/BONBID-HIE 2023/9_1.nii_seg_er
r_2.png  used on input line 354.
(pdftex.def)             Requested size: 34.36488pt x 44.87263pt.
<Data/results//UMamba_2d_bot/BONBID-HIE 2023/9_1.nii_seg_err_2.png, id=105, 121
.45375pt x 158.5925pt>
File: Data/results//UMamba_2d_bot/BONBID-HIE 2023/9_1.nii_seg_err_2.png Graphic
 file (type png)
<use Data/results//UMamba_2d_bot/BONBID-HIE 2023/9_1.nii_seg_err_2.png>
Package pdftex.def Info: Data/results//UMamba_2d_bot/BONBID-HIE 2023/9_1.nii_se
g_err_2.png  used on input line 358.
(pdftex.def)             Requested size: 34.36488pt x 44.87263pt.
<Data/results//UMamba_3d_bot/BONBID-HIE 2023/9_1.nii_seg_err_2.png, id=106, 121
.45375pt x 158.5925pt>
File: Data/results//UMamba_3d_bot/BONBID-HIE 2023/9_1.nii_seg_err_2.png Graphic
 file (type png)
<use Data/results//UMamba_3d_bot/BONBID-HIE 2023/9_1.nii_seg_err_2.png>
Package pdftex.def Info: Data/results//UMamba_3d_bot/BONBID-HIE 2023/9_1.nii_se
g_err_2.png  used on input line 362.
(pdftex.def)             Requested size: 34.36488pt x 44.87263pt.
)

LaTeX Warning: Float too large for page by 1.50745pt on input line 196.

(./Data/results/tacr_aseg_img_2.tex
<Data/results//Unet/TACR 6-HIE aseg/15_1.nii_src_2.png, id=107, 88.33pt x 92.34
5pt>
File: Data/results//Unet/TACR 6-HIE aseg/15_1.nii_src_2.png Graphic file (type 
png)
<use Data/results//Unet/TACR 6-HIE aseg/15_1.nii_src_2.png>
Package pdftex.def Info: Data/results//Unet/TACR 6-HIE aseg/15_1.nii_src_2.png 
 used on input line 42.
(pdftex.def)             Requested size: 34.36575pt x 35.92844pt.
<Data/results//Unet/TACR 6-HIE aseg/15_1.nii_gt_2.png, id=108, 88.33pt x 92.345
pt>
File: Data/results//Unet/TACR 6-HIE aseg/15_1.nii_gt_2.png Graphic file (type p
ng)
<use Data/results//Unet/TACR 6-HIE aseg/15_1.nii_gt_2.png>
Package pdftex.def Info: Data/results//Unet/TACR 6-HIE aseg/15_1.nii_gt_2.png  
used on input line 44.
(pdftex.def)             Requested size: 34.36575pt x 35.92844pt.
<Data/results//Unet/TACR 6-HIE aseg/15_1.nii_seg_err_2.png, id=109, 88.33pt x 9
2.345pt>
File: Data/results//Unet/TACR 6-HIE aseg/15_1.nii_seg_err_2.png Graphic file (t
ype png)
<use Data/results//Unet/TACR 6-HIE aseg/15_1.nii_seg_err_2.png>
Package pdftex.def Info: Data/results//Unet/TACR 6-HIE aseg/15_1.nii_seg_err_2.
png  used on input line 48.
(pdftex.def)             Requested size: 34.36488pt x 35.92703pt.


LaTeX Warning: File `Data/results//nnUNet2_2d/TACR 6-HIE aseg/15_1.nii_seg_err_
2.png' not found on input line 52.


! Package pdftex.def Error: File `Data/results//nnUNet2_2d/TACR 6-HIE aseg/15_1
.nii_seg_err_2.png' not found: using draft setting.

See the pdftex.def package documentation for explanation.
Type  H <return>  for immediate help.
 ...                                              
                                                  
l.52 ...2d/TACR 6-HIE aseg/15_1.nii_seg_err_2.png}
                                                  
? 

LaTeX Warning: File `Data/results//nnUNet2_3d_fullres/TACR 6-HIE aseg/15_1.nii_
seg_err_2.png' not found on input line 56.


! Package pdftex.def Error: File `Data/results//nnUNet2_3d_fullres/TACR 6-HIE a
seg/15_1.nii_seg_err_2.png' not found: using draft setting.

See the pdftex.def package documentation for explanation.
Type  H <return>  for immediate help.
 ...                                              
                                                  
l.56 ...es/TACR 6-HIE aseg/15_1.nii_seg_err_2.png}
                                                  
? 
<Data/results//Deeplabv3/TACR 6-HIE aseg/15_1.nii_seg_err_2.png, id=110, 88.33p
t x 92.345pt>
File: Data/results//Deeplabv3/TACR 6-HIE aseg/15_1.nii_seg_err_2.png Graphic fi
le (type png)
<use Data/results//Deeplabv3/TACR 6-HIE aseg/15_1.nii_seg_err_2.png>
Package pdftex.def Info: Data/results//Deeplabv3/TACR 6-HIE aseg/15_1.nii_seg_e
rr_2.png  used on input line 60.
(pdftex.def)             Requested size: 34.36488pt x 35.92703pt.
<Data/results//UMamba_2d_bot/TACR 6-HIE aseg/15_1.nii_seg_err_2.png, id=111, 88
.33pt x 92.345pt>
File: Data/results//UMamba_2d_bot/TACR 6-HIE aseg/15_1.nii_seg_err_2.png Graphi
c file (type png)
<use Data/results//UMamba_2d_bot/TACR 6-HIE aseg/15_1.nii_seg_err_2.png>
Package pdftex.def Info: Data/results//UMamba_2d_bot/TACR 6-HIE aseg/15_1.nii_s
eg_err_2.png  used on input line 64.
(pdftex.def)             Requested size: 34.36488pt x 35.92703pt.
<Data/results//UMamba_3d_bot/TACR 6-HIE aseg/15_1.nii_seg_err_2.png, id=112, 88
.33pt x 92.345pt>
File: Data/results//UMamba_3d_bot/TACR 6-HIE aseg/15_1.nii_seg_err_2.png Graphi
c file (type png)
<use Data/results//UMamba_3d_bot/TACR 6-HIE aseg/15_1.nii_seg_err_2.png>
Package pdftex.def Info: Data/results//UMamba_3d_bot/TACR 6-HIE aseg/15_1.nii_s
eg_err_2.png  used on input line 68.
(pdftex.def)             Requested size: 34.36488pt x 35.92703pt.
<Data/results//Unet/TACR 6-HIE aseg/8_1.nii_src_2.png, id=113, 88.33pt x 92.345
pt>
File: Data/results//Unet/TACR 6-HIE aseg/8_1.nii_src_2.png Graphic file (type p
ng)
<use Data/results//Unet/TACR 6-HIE aseg/8_1.nii_src_2.png>
Package pdftex.def Info: Data/results//Unet/TACR 6-HIE aseg/8_1.nii_src_2.png  
used on input line 78.
(pdftex.def)             Requested size: 34.36575pt x 35.92844pt.
<Data/results//Unet/TACR 6-HIE aseg/8_1.nii_gt_2.png, id=114, 88.33pt x 92.345p
t>
File: Data/results//Unet/TACR 6-HIE aseg/8_1.nii_gt_2.png Graphic file (type pn
g)
<use Data/results//Unet/TACR 6-HIE aseg/8_1.nii_gt_2.png>
Package pdftex.def Info: Data/results//Unet/TACR 6-HIE aseg/8_1.nii_gt_2.png  u
sed on input line 80.
(pdftex.def)             Requested size: 34.36575pt x 35.92844pt.
<Data/results//Unet/TACR 6-HIE aseg/8_1.nii_seg_err_2.png, id=115, 88.33pt x 92
.345pt>
File: Data/results//Unet/TACR 6-HIE aseg/8_1.nii_seg_err_2.png Graphic file (ty
pe png)
<use Data/results//Unet/TACR 6-HIE aseg/8_1.nii_seg_err_2.png>
Package pdftex.def Info: Data/results//Unet/TACR 6-HIE aseg/8_1.nii_seg_err_2.p
ng  used on input line 84.
(pdftex.def)             Requested size: 34.36488pt x 35.92703pt.

LaTeX Warning: File `Data/results//nnUNet2_2d/TACR 6-HIE aseg/8_1.nii_seg_err_2
.png' not found on input line 88.


! Package pdftex.def Error: File `Data/results//nnUNet2_2d/TACR 6-HIE aseg/8_1.
nii_seg_err_2.png' not found: using draft setting.

See the pdftex.def package documentation for explanation.
Type  H <return>  for immediate help.
 ...                                              
                                                  
l.88 ..._2d/TACR 6-HIE aseg/8_1.nii_seg_err_2.png}
                                                  
? 

LaTeX Warning: File `Data/results//nnUNet2_3d_fullres/TACR 6-HIE aseg/8_1.nii_s
eg_err_2.png' not found on input line 92.


! Package pdftex.def Error: File `Data/results//nnUNet2_3d_fullres/TACR 6-HIE a
seg/8_1.nii_seg_err_2.png' not found: using draft setting.

See the pdftex.def package documentation for explanation.
Type  H <return>  for immediate help.
 ...                                              
                                                  
l.92 ...res/TACR 6-HIE aseg/8_1.nii_seg_err_2.png}
                                                  
? 
<Data/results//Deeplabv3/TACR 6-HIE aseg/8_1.nii_seg_err_2.png, id=116, 88.33pt
 x 92.345pt>
File: Data/results//Deeplabv3/TACR 6-HIE aseg/8_1.nii_seg_err_2.png Graphic fil
e (type png)
<use Data/results//Deeplabv3/TACR 6-HIE aseg/8_1.nii_seg_err_2.png>
Package pdftex.def Info: Data/results//Deeplabv3/TACR 6-HIE aseg/8_1.nii_seg_er
r_2.png  used on input line 96.
(pdftex.def)             Requested size: 34.36488pt x 35.92703pt.
<Data/results//UMamba_2d_bot/TACR 6-HIE aseg/8_1.nii_seg_err_2.png, id=117, 88.
33pt x 92.345pt>
File: Data/results//UMamba_2d_bot/TACR 6-HIE aseg/8_1.nii_seg_err_2.png Graphic
 file (type png)
<use Data/results//UMamba_2d_bot/TACR 6-HIE aseg/8_1.nii_seg_err_2.png>
Package pdftex.def Info: Data/results//UMamba_2d_bot/TACR 6-HIE aseg/8_1.nii_se
g_err_2.png  used on input line 100.
(pdftex.def)             Requested size: 34.36488pt x 35.92703pt.
<Data/results//UMamba_3d_bot/TACR 6-HIE aseg/8_1.nii_seg_err_2.png, id=118, 88.
33pt x 92.345pt>
File: Data/results//UMamba_3d_bot/TACR 6-HIE aseg/8_1.nii_seg_err_2.png Graphic
 file (type png)
<use Data/results//UMamba_3d_bot/TACR 6-HIE aseg/8_1.nii_seg_err_2.png>
Package pdftex.def Info: Data/results//UMamba_3d_bot/TACR 6-HIE aseg/8_1.nii_se
g_err_2.png  used on input line 104.
(pdftex.def)             Requested size: 34.36488pt x 35.92703pt.
) (./Data/results/tacr_aseg_aparc_img_2.tex
<Data/results//Unet/TACR 6-HIE aseg+aparc/15_1.nii_src_2.png, id=119, 88.33pt x
 92.345pt>
File: Data/results//Unet/TACR 6-HIE aseg+aparc/15_1.nii_src_2.png Graphic file 
(type png)
<use Data/results//Unet/TACR 6-HIE aseg+aparc/15_1.nii_src_2.png>
Package pdftex.def Info: Data/results//Unet/TACR 6-HIE aseg+aparc/15_1.nii_src_
2.png  used on input line 43.
(pdftex.def)             Requested size: 34.36575pt x 35.92844pt.
<Data/results//Unet/TACR 6-HIE aseg+aparc/15_1.nii_gt_2.png, id=120, 88.33pt x 
92.345pt>
File: Data/results//Unet/TACR 6-HIE aseg+aparc/15_1.nii_gt_2.png Graphic file (
type png)
<use Data/results//Unet/TACR 6-HIE aseg+aparc/15_1.nii_gt_2.png>
Package pdftex.def Info: Data/results//Unet/TACR 6-HIE aseg+aparc/15_1.nii_gt_2
.png  used on input line 45.
(pdftex.def)             Requested size: 34.36575pt x 35.92844pt.
<Data/results//Unet/TACR 6-HIE aseg+aparc/15_1.nii_seg_err_2.png, id=121, 88.33
pt x 92.345pt>
File: Data/results//Unet/TACR 6-HIE aseg+aparc/15_1.nii_seg_err_2.png Graphic f
ile (type png)
<use Data/results//Unet/TACR 6-HIE aseg+aparc/15_1.nii_seg_err_2.png>
Package pdftex.def Info: Data/results//Unet/TACR 6-HIE aseg+aparc/15_1.nii_seg_
err_2.png  used on input line 49.
(pdftex.def)             Requested size: 34.36488pt x 35.92703pt.


LaTeX Warning: File `Data/results//nnUNet2_2d/TACR 6-HIE aseg+aparc/15_1.nii_se
g_err_2.png' not found on input line 53.


! Package pdftex.def Error: File `Data/results//nnUNet2_2d/TACR 6-HIE aseg+apar
c/15_1.nii_seg_err_2.png' not found: using draft setting.

See the pdftex.def package documentation for explanation.
Type  H <return>  for immediate help.
 ...                                              
                                                  
l.53 ...R 6-HIE aseg+aparc/15_1.nii_seg_err_2.png}
                                                  
? 

LaTeX Warning: File `Data/results//nnUNet2_3d_fullres/TACR 6-HIE aseg+aparc/15_
1.nii_seg_err_2.png' not found on input line 57.


! Package pdftex.def Error: File `Data/results//nnUNet2_3d_fullres/TACR 6-HIE a
seg+aparc/15_1.nii_seg_err_2.png' not found: using draft setting.

See the pdftex.def package documentation for explanation.
Type  H <return>  for immediate help.
 ...                                              
                                                  
l.57 ...R 6-HIE aseg+aparc/15_1.nii_seg_err_2.png}
                                                  
? 
<Data/results//Deeplabv3/TACR 6-HIE aseg+aparc/15_1.nii_seg_err_2.png, id=122, 
88.33pt x 92.345pt>
File: Data/results//Deeplabv3/TACR 6-HIE aseg+aparc/15_1.nii_seg_err_2.png Grap
hic file (type png)
<use Data/results//Deeplabv3/TACR 6-HIE aseg+aparc/15_1.nii_seg_err_2.png>
Package pdftex.def Info: Data/results//Deeplabv3/TACR 6-HIE aseg+aparc/15_1.nii
_seg_err_2.png  used on input line 61.
(pdftex.def)             Requested size: 34.36488pt x 35.92703pt.
<Data/results//UMamba_2d_bot/TACR 6-HIE aseg+aparc/15_1.nii_seg_err_2.png, id=1
23, 88.33pt x 92.345pt>
File: Data/results//UMamba_2d_bot/TACR 6-HIE aseg+aparc/15_1.nii_seg_err_2.png 
Graphic file (type png)
<use Data/results//UMamba_2d_bot/TACR 6-HIE aseg+aparc/15_1.nii_seg_err_2.png>
Package pdftex.def Info: Data/results//UMamba_2d_bot/TACR 6-HIE aseg+aparc/15_1
.nii_seg_err_2.png  used on input line 65.
(pdftex.def)             Requested size: 34.36488pt x 35.92703pt.
<Data/results//UMamba_3d_bot/TACR 6-HIE aseg+aparc/15_1.nii_seg_err_2.png, id=1
24, 88.33pt x 92.345pt>
File: Data/results//UMamba_3d_bot/TACR 6-HIE aseg+aparc/15_1.nii_seg_err_2.png 
Graphic file (type png)
<use Data/results//UMamba_3d_bot/TACR 6-HIE aseg+aparc/15_1.nii_seg_err_2.png>
Package pdftex.def Info: Data/results//UMamba_3d_bot/TACR 6-HIE aseg+aparc/15_1
.nii_seg_err_2.png  used on input line 69.
(pdftex.def)             Requested size: 34.36488pt x 35.92703pt.
<Data/results//Unet/TACR 6-HIE aseg+aparc/8_1.nii_src_2.png, id=125, 88.33pt x 
92.345pt>
File: Data/results//Unet/TACR 6-HIE aseg+aparc/8_1.nii_src_2.png Graphic file (
type png)
<use Data/results//Unet/TACR 6-HIE aseg+aparc/8_1.nii_src_2.png>
Package pdftex.def Info: Data/results//Unet/TACR 6-HIE aseg+aparc/8_1.nii_src_2
.png  used on input line 79.
(pdftex.def)             Requested size: 34.36575pt x 35.92844pt.
<Data/results//Unet/TACR 6-HIE aseg+aparc/8_1.nii_gt_2.png, id=126, 88.33pt x 9
2.345pt>
File: Data/results//Unet/TACR 6-HIE aseg+aparc/8_1.nii_gt_2.png Graphic file (t
ype png)
<use Data/results//Unet/TACR 6-HIE aseg+aparc/8_1.nii_gt_2.png>
Package pdftex.def Info: Data/results//Unet/TACR 6-HIE aseg+aparc/8_1.nii_gt_2.
png  used on input line 81.
(pdftex.def)             Requested size: 34.36575pt x 35.92844pt.
<Data/results//Unet/TACR 6-HIE aseg+aparc/8_1.nii_seg_err_2.png, id=127, 88.33p
t x 92.345pt>
File: Data/results//Unet/TACR 6-HIE aseg+aparc/8_1.nii_seg_err_2.png Graphic fi
le (type png)
<use Data/results//Unet/TACR 6-HIE aseg+aparc/8_1.nii_seg_err_2.png>
Package pdftex.def Info: Data/results//Unet/TACR 6-HIE aseg+aparc/8_1.nii_seg_e
rr_2.png  used on input line 85.
(pdftex.def)             Requested size: 34.36488pt x 35.92703pt.

LaTeX Warning: File `Data/results//nnUNet2_2d/TACR 6-HIE aseg+aparc/8_1.nii_seg
_err_2.png' not found on input line 89.


! Package pdftex.def Error: File `Data/results//nnUNet2_2d/TACR 6-HIE aseg+apar
c/8_1.nii_seg_err_2.png' not found: using draft setting.

See the pdftex.def package documentation for explanation.
Type  H <return>  for immediate help.
 ...                                              
                                                  
l.89 ...CR 6-HIE aseg+aparc/8_1.nii_seg_err_2.png}
                                                  
? 

LaTeX Warning: File `Data/results//nnUNet2_3d_fullres/TACR 6-HIE aseg+aparc/8_1
.nii_seg_err_2.png' not found on input line 93.


! Package pdftex.def Error: File `Data/results//nnUNet2_3d_fullres/TACR 6-HIE a
seg+aparc/8_1.nii_seg_err_2.png' not found: using draft setting.

See the pdftex.def package documentation for explanation.
Type  H <return>  for immediate help.
 ...                                              
                                                  
l.93 ...CR 6-HIE aseg+aparc/8_1.nii_seg_err_2.png}
                                                  
? 
<Data/results//Deeplabv3/TACR 6-HIE aseg+aparc/8_1.nii_seg_err_2.png, id=128, 8
8.33pt x 92.345pt>
File: Data/results//Deeplabv3/TACR 6-HIE aseg+aparc/8_1.nii_seg_err_2.png Graph
ic file (type png)
<use Data/results//Deeplabv3/TACR 6-HIE aseg+aparc/8_1.nii_seg_err_2.png>
Package pdftex.def Info: Data/results//Deeplabv3/TACR 6-HIE aseg+aparc/8_1.nii_
seg_err_2.png  used on input line 97.
(pdftex.def)             Requested size: 34.36488pt x 35.92703pt.
<Data/results//UMamba_2d_bot/TACR 6-HIE aseg+aparc/8_1.nii_seg_err_2.png, id=12
9, 88.33pt x 92.345pt>
File: Data/results//UMamba_2d_bot/TACR 6-HIE aseg+aparc/8_1.nii_seg_err_2.png G
raphic file (type png)
<use Data/results//UMamba_2d_bot/TACR 6-HIE aseg+aparc/8_1.nii_seg_err_2.png>
Package pdftex.def Info: Data/results//UMamba_2d_bot/TACR 6-HIE aseg+aparc/8_1.
nii_seg_err_2.png  used on input line 101.
(pdftex.def)             Requested size: 34.36488pt x 35.92703pt.
<Data/results//UMamba_3d_bot/TACR 6-HIE aseg+aparc/8_1.nii_seg_err_2.png, id=13
0, 88.33pt x 92.345pt>
File: Data/results//UMamba_3d_bot/TACR 6-HIE aseg+aparc/8_1.nii_seg_err_2.png G
raphic file (type png)
<use Data/results//UMamba_3d_bot/TACR 6-HIE aseg+aparc/8_1.nii_seg_err_2.png>
Package pdftex.def Info: Data/results//UMamba_3d_bot/TACR 6-HIE aseg+aparc/8_1.
nii_seg_err_2.png  used on input line 105.
(pdftex.def)             Requested size: 34.36488pt x 35.92703pt.
)

[4]

[5]

[6 <./Data/results//Unet/iSeg 2019/1_1.nii_src_2.png> <./Data/results//Unet/iSe
g 2019/1_1.nii_src2_2.png> <./Data/results//Unet/iSeg 2019/1_1.nii_gt_2.png> <.
/Data/results//Unet/iSeg 2019/1_1.nii_seg_err_2.png> <./Data/results//Deeplabv3
/iSeg 2019/1_1.nii_seg_err_2.png> <./Data/results//UMamba_2d_bot/iSeg 2019/1_1.
nii_seg_err_2.png> <./Data/results//UMamba_3d_bot/iSeg 2019/1_1.nii_seg_err_2.p
ng>]

[7 <./Data/results//Unet/BONBID-HIE 2023/1_1.nii_src_2.png> <./Data/results//Un
et/BONBID-HIE 2023/1_1.nii_src2_2.png> <./Data/results//Unet/BONBID-HIE 2023/1_
1.nii_gt_2.png> <./Data/results//Unet/BONBID-HIE 2023/1_1.nii_seg_err_2.png> <.
/Data/results//Deeplabv3/BONBID-HIE 2023/1_1.nii_seg_err_2.png> <./Data/results
//UMamba_2d_bot/BONBID-HIE 2023/1_1.nii_seg_err_2.png> <./Data/results//UMamba_
3d_bot/BONBID-HIE 2023/1_1.nii_seg_err_2.png> <./Data/results//Unet/BONBID-HIE 
2023/2_1.nii_src_2.png> <./Data/results//Unet/BONBID-HIE 2023/2_1.nii_src2_2.pn
g> <./Data/results//Unet/BONBID-HIE 2023/2_1.nii_gt_2.png> <./Data/results//Une
t/BONBID-HIE 2023/2_1.nii_seg_err_2.png> <./Data/results//Deeplabv3/BONBID-HIE 
2023/2_1.nii_seg_err_2.png> <./Data/results//UMamba_2d_bot/BONBID-HIE 2023/2_1.
nii_seg_err_2.png> <./Data/results//UMamba_3d_bot/BONBID-HIE 2023/2_1.nii_seg_e
rr_2.png> <./Data/results//Unet/BONBID-HIE 2023/3_1.nii_src_2.png> <./Data/resu
lts//Unet/BONBID-HIE 2023/3_1.nii_src2_2.png> <./Data/results//Unet/BONBID-HIE 
2023/3_1.nii_gt_2.png> <./Data/results//Unet/BONBID-HIE 2023/3_1.nii_seg_err_2.
png> <./Data/results//Deeplabv3/BONBID-HIE 2023/3_1.nii_seg_err_2.png> <./Data/
results//UMamba_2d_bot/BONBID-HIE 2023/3_1.nii_seg_err_2.png> <./Data/results//
UMamba_3d_bot/BONBID-HIE 2023/3_1.nii_seg_err_2.png> <./Data/results//Unet/BONB
ID-HIE 2023/4_1.nii_src_2.png> <./Data/results//Unet/BONBID-HIE 2023/4_1.nii_sr
c2_2.png> <./Data/results//Unet/BONBID-HIE 2023/4_1.nii_gt_2.png> <./Data/resul
ts//Unet/BONBID-HIE 2023/4_1.nii_seg_err_2.png> <./Data/results//Deeplabv3/BONB
ID-HIE 2023/4_1.nii_seg_err_2.png> <./Data/results//UMamba_2d_bot/BONBID-HIE 20
23/4_1.nii_seg_err_2.png> <./Data/results//UMamba_3d_bot/BONBID-HIE 2023/4_1.ni
i_seg_err_2.png> <./Data/results//Unet/BONBID-HIE 2023/5_1.nii_src_2.png> <./Da
ta/results//Unet/BONBID-HIE 2023/5_1.nii_src2_2.png> <./Data/results//Unet/BONB
ID-HIE 2023/5_1.nii_gt_2.png> <./Data/results//Unet/BONBID-HIE 2023/5_1.nii_seg
_err_2.png> <./Data/results//Deeplabv3/BONBID-HIE 2023/5_1.nii_seg_err_2.png> <
./Data/results//UMamba_2d_bot/BONBID-HIE 2023/5_1.nii_seg_err_2.png> <./Data/re
sults//UMamba_3d_bot/BONBID-HIE 2023/5_1.nii_seg_err_2.png> <./Data/results//Un
et/BONBID-HIE 2023/6_1.nii_src_2.png> <./Data/results//Unet/BONBID-HIE 2023/6_1
.nii_src2_2.png> <./Data/results//Unet/BONBID-HIE 2023/6_1.nii_gt_2.png> <./Dat
a/results//Unet/BONBID-HIE 2023/6_1.nii_seg_err_2.png> <./Data/results//Deeplab
v3/BONBID-HIE 2023/6_1.nii_seg_err_2.png> <./Data/results//UMamba_2d_bot/BONBID
-HIE 2023/6_1.nii_seg_err_2.png> <./Data/results//UMamba_3d_bot/BONBID-HIE 2023
/6_1.nii_seg_err_2.png> <./Data/results//Unet/BONBID-HIE 2023/7_1.nii_src_2.png
> <./Data/results//Unet/BONBID-HIE 2023/7_1.nii_src2_2.png> <./Data/results//Un
et/BONBID-HIE 2023/7_1.nii_gt_2.png> <./Data/results//Unet/BONBID-HIE 2023/7_1.
nii_seg_err_2.png> <./Data/results//Deeplabv3/BONBID-HIE 2023/7_1.nii_seg_err_2
.png> <./Data/results//UMamba_2d_bot/BONBID-HIE 2023/7_1.nii_seg_err_2.png> <./
Data/results//UMamba_3d_bot/BONBID-HIE 2023/7_1.nii_seg_err_2.png> <./Data/resu
lts//Unet/BONBID-HIE 2023/8_1.nii_src_2.png> <./Data/results//Unet/BONBID-HIE 2
023/8_1.nii_src2_2.png> <./Data/results//Unet/BONBID-HIE 2023/8_1.nii_gt_2.png>
 <./Data/results//Unet/BONBID-HIE 2023/8_1.nii_seg_err_2.png> <./Data/results//
Deeplabv3/BONBID-HIE 2023/8_1.nii_seg_err_2.png> <./Data/results//UMamba_2d_bot
/BONBID-HIE 2023/8_1.nii_seg_err_2.png> <./Data/results//UMamba_3d_bot/BONBID-H
IE 2023/8_1.nii_seg_err_2.png> <./Data/results//Unet/BONBID-HIE 2023/9_1.nii_sr
c_2.png> <./Data/results//Unet/BONBID-HIE 2023/9_1.nii_src2_2.png> <./Data/resu
lts//Unet/BONBID-HIE 2023/9_1.nii_gt_2.png> <./Data/results//Unet/BONBID-HIE 20
23/9_1.nii_seg_err_2.png> <./Data/results//Deeplabv3/BONBID-HIE 2023/9_1.nii_se
g_err_2.png> <./Data/results//UMamba_2d_bot/BONBID-HIE 2023/9_1.nii_seg_err_2.p
ng> <./Data/results//UMamba_3d_bot/BONBID-HIE 2023/9_1.nii_seg_err_2.png>]

[8 <./Data/results//Unet/TACR 6-HIE aseg/15_1.nii_src_2.png> <./Data/results//U
net/TACR 6-HIE aseg/15_1.nii_gt_2.png> <./Data/results//Unet/TACR 6-HIE aseg/15
_1.nii_seg_err_2.png> <./Data/results//Deeplabv3/TACR 6-HIE aseg/15_1.nii_seg_e
rr_2.png> <./Data/results//UMamba_2d_bot/TACR 6-HIE aseg/15_1.nii_seg_err_2.png
> <./Data/results//UMamba_3d_bot/TACR 6-HIE aseg/15_1.nii_seg_err_2.png> <./Dat
a/results//Unet/TACR 6-HIE aseg/8_1.nii_src_2.png> <./Data/results//Unet/TACR 6
-HIE aseg/8_1.nii_gt_2.png> <./Data/results//Unet/TACR 6-HIE aseg/8_1.nii_seg_e
rr_2.png> <./Data/results//Deeplabv3/TACR 6-HIE aseg/8_1.nii_seg_err_2.png> <./
Data/results//UMamba_2d_bot/TACR 6-HIE aseg/8_1.nii_seg_err_2.png> <./Data/resu
lts//UMamba_3d_bot/TACR 6-HIE aseg/8_1.nii_seg_err_2.png> <./Data/results//Unet
/TACR 6-HIE aseg+aparc/15_1.nii_src_2.png> <./Data/results//Unet/TACR 6-HIE ase
g+aparc/15_1.nii_gt_2.png> <./Data/results//Unet/TACR 6-HIE aseg+aparc/15_1.nii
_seg_err_2.png> <./Data/results//Deeplabv3/TACR 6-HIE aseg+aparc/15_1.nii_seg_e
rr_2.png> <./Data/results//UMamba_2d_bot/TACR 6-HIE aseg+aparc/15_1.nii_seg_err
_2.png> <./Data/results//UMamba_3d_bot/TACR 6-HIE aseg+aparc/15_1.nii_seg_err_2
.png> <./Data/results//Unet/TACR 6-HIE aseg+aparc/8_1.nii_src_2.png> <./Data/re
sults//Unet/TACR 6-HIE aseg+aparc/8_1.nii_gt_2.png> <./Data/results//Unet/TACR 
6-HIE aseg+aparc/8_1.nii_seg_err_2.png> <./Data/results//Deeplabv3/TACR 6-HIE a
seg+aparc/8_1.nii_seg_err_2.png> <./Data/results//UMamba_2d_bot/TACR 6-HIE aseg
+aparc/8_1.nii_seg_err_2.png> <./Data/results//UMamba_3d_bot/TACR 6-HIE aseg+ap
arc/8_1.nii_seg_err_2.png>] (./0018.bbl
Underfull \hbox (badness 10000) in paragraph at lines 7--11
[]\T1/cmr/m/n/9 Metrics for eval-u-at-ing 3d med-i-cal im-age seg-men-ta-tion: 
anal-
 []


Underfull \hbox (badness 10000) in paragraph at lines 7--11
\T1/cmr/m/n/9 y-sis, se-lec-tion, and tool. BMC Med Imag-ing \T1/cmr/bx/n/9 201
5\T1/cmr/m/n/9 (15)
 []


Underfull \hbox (badness 10000) in paragraph at lines 7--11
\T1/cmr/m/n/9 (2015). https://doi.org/https://doi.org/10.1186/s12880-015-0068-x
,
 []


Underfull \hbox (badness 1924) in paragraph at lines 36--42
[]\T1/cmr/m/n/9 Hillenbrand, C.M., Reykowski, A.: Mr imag-ing of the new-born: 
A tech-
 []


Underfull \hbox (badness 2142) in paragraph at lines 36--42
\T1/cmr/m/n/9 ni-cal per-spec-tive. Mag-netic Res-o-nance Imag-ing Clin-ics of 
North Amer-ica
 []


Underfull \hbox (badness 3568) in paragraph at lines 36--42
\T1/cmr/m/n/9 https://www.sciencedirect.com/science/article/pii/S10649689110010
12, mRI of
 []


Underfull \hbox (badness 10000) in paragraph at lines 44--47
[]\T1/cmr/m/n/9 ‰ubomír Hlavko: ISW 2025 - Neona-tal seg-men-ta-tion .
 []


Underfull \hbox (badness 1158) in paragraph at lines 56--61
[]\T1/cmr/m/n/9 Ma, J., Chen, J., Ng, M., Huang, R., Li, Y., Li, C., Yang, X., 
Mar-tel,
 []



[9]
Underfull \hbox (badness 10000) in paragraph at lines 77--83
\T1/cmr/m/n/9 An au-to-mated seg-men-ta-tion and sur-face ex-trac-tion pipeline
 for t1-
 []


Underfull \hbox (badness 10000) in paragraph at lines 77--83
\T1/cmr/m/n/9 (2020). https://doi.org/https://doi.org/10.1016/j.neuroimage.2020
.116946,
 []

)

[10] (./0018.aux)
 ***********
LaTeX2e <2025-06-01>
L3 programming layer <2025-05-26>
 ***********
 ) 
Here is how much of TeX's memory you used:
 5157 strings out of 467892
 171299 string characters out of 5434150
 504140 words of memory out of 5000000
 33680 multiletter control sequences out of 15000+600000
 638555 words of font info for 60 fonts, out of 8000000 for 9000
 1141 hyphenation exceptions out of 8191
 67i,10n,77p,1405b,489s stack positions out of 10000i,1000n,20000p,200000b,200000s
</usr/local/texlive/2025/texmf-dist/fonts/type1/public/cm-super/sfbx0500.pfb>
</usr/local/texlive/2025/texmf-dist/fonts/type1/public/cm-super/sfbx0700.pfb></
usr/local/texlive/2025/texmf-dist/fonts/type1/public/cm-super/sfbx0900.pfb></us
r/local/texlive/2025/texmf-dist/fonts/type1/public/cm-super/sfbx1000.pfb></usr/
local/texlive/2025/texmf-dist/fonts/type1/public/cm-super/sfbx1200.pfb></usr/lo
cal/texlive/2025/texmf-dist/fonts/type1/public/cm-super/sfbx1440.pfb></usr/loca
l/texlive/2025/texmf-dist/fonts/type1/public/cm-super/sfrm0700.pfb></usr/local/
texlive/2025/texmf-dist/fonts/type1/public/cm-super/sfrm0900.pfb></usr/local/te
xlive/2025/texmf-dist/fonts/type1/public/cm-super/sfrm1000.pfb></usr/local/texl
ive/2025/texmf-dist/fonts/type1/public/cm-super/sftt0900.pfb>
Output written on 0018.pdf (10 pages, 609801 bytes).
PDF statistics:
 299 PDF objects out of 1000 (max. 8388607)
 59 compressed objects within 1 object stream
 0 named destinations out of 1000 (max. 500000)
 516 words of extra memory for PDF output out of 10000 (max. 10000000)

