This is pdfTeX, Version 3.141592653-2.6-1.40.28 (TeX Live 2025) (preloaded format=latex 2025.6.9)  1 JUL 2025 11:48
entering extended mode
 restricted \write18 enabled.
 %&-line parsing enabled.
**texput.log
(./texput.log
LaTeX2e <2025-06-01>
L3 programming layer <2025-05-26>
)
*
! Emergency stop.
<*> 
    
End of file on the terminal!

 
Here is how much of TeX's memory you used:
 13 strings out of 467893
 334 string characters out of 5434176
 425001 words of memory out of 5000000
 28664 multiletter control sequences out of 15000+600000
 626825 words of font info for 40 fonts, out of 8000000 for 9000
 1141 hyphenation exceptions out of 8191
 12i,0n,13p,42b,8s stack positions out of 10000i,1000n,20000p,200000b,200000s
No pages of output.
